2026-01-12T18:29:31.8898623Z Current runner version: '2.330.0'
2026-01-12T18:29:31.8924078Z ##[group]Runner Image Provisioner
2026-01-12T18:29:31.8924896Z Hosted Compute Agent
2026-01-12T18:29:31.8925450Z Version: 20251211.462
2026-01-12T18:29:31.8926001Z Commit: 6cbad8c2bb55d58165063d031ccabf57e2d2db61
2026-01-12T18:29:31.8926818Z Build Date: 2025-12-11T16:28:49Z
2026-01-12T18:29:31.8927465Z Worker ID: {943013ab-5471-4843-9168-115922d032a6}
2026-01-12T18:29:31.8928110Z ##[endgroup]
2026-01-12T18:29:31.8928729Z ##[group]Operating System
2026-01-12T18:29:31.8929256Z Ubuntu
2026-01-12T18:29:31.8929701Z 24.04.3
2026-01-12T18:29:31.8930184Z LTS
2026-01-12T18:29:31.8930659Z ##[endgroup]
2026-01-12T18:29:31.8931140Z ##[group]Runner Image
2026-01-12T18:29:31.8931735Z Image: ubuntu-24.04
2026-01-12T18:29:31.8932240Z Version: 20260105.202.1
2026-01-12T18:29:31.8933455Z Included Software: https://github.com/actions/runner-images/blob/ubuntu24/20260105.202/images/ubuntu/Ubuntu2404-Readme.md
2026-01-12T18:29:31.8935120Z Image Release: https://github.com/actions/runner-images/releases/tag/ubuntu24%2F20260105.202
2026-01-12T18:29:31.8936123Z ##[endgroup]
2026-01-12T18:29:31.8937290Z ##[group]GITHUB_TOKEN Permissions
2026-01-12T18:29:31.8939477Z Contents: read
2026-01-12T18:29:31.8940462Z Metadata: read
2026-01-12T18:29:31.8941384Z Packages: read
2026-01-12T18:29:31.8942277Z ##[endgroup]
2026-01-12T18:29:31.8946055Z Secret source: Actions
2026-01-12T18:29:31.8947219Z Prepare workflow directory
2026-01-12T18:29:31.9350627Z Prepare all required actions
2026-01-12T18:29:31.9390489Z Getting action download info
2026-01-12T18:29:32.3000928Z Download action repository 'actions/checkout@v4' (SHA:34e114876b0b11c390a56381ad16ebd13914f8d5)
2026-01-12T18:29:32.4011598Z Download action repository 'vmactions/freebsd-vm@v1' (SHA:a9c0dcaf5ed572d89ea1a59fe2217d3b3da4fd23)
2026-01-12T18:29:33.9770301Z Complete job name: Test time error
2026-01-12T18:29:34.0690814Z ##[group]Run actions/checkout@v4
2026-01-12T18:29:34.0692164Z with:
2026-01-12T18:29:34.0693294Z   repository: fleetingbytes/test-freebsd-vm
2026-01-12T18:29:34.0694818Z   token: ***
2026-01-12T18:29:34.0695571Z   ssh-strict: true
2026-01-12T18:29:34.0696357Z   ssh-user: git
2026-01-12T18:29:34.0697153Z   persist-credentials: true
2026-01-12T18:29:34.0698059Z   clean: true
2026-01-12T18:29:34.0698864Z   sparse-checkout-cone-mode: true
2026-01-12T18:29:34.0699861Z   fetch-depth: 1
2026-01-12T18:29:34.0700640Z   fetch-tags: false
2026-01-12T18:29:34.0701469Z   show-progress: true
2026-01-12T18:29:34.0702425Z   lfs: false
2026-01-12T18:29:34.0703190Z   submodules: false
2026-01-12T18:29:34.0704003Z   set-safe-directory: true
2026-01-12T18:29:34.0705183Z env:
2026-01-12T18:29:34.0705871Z   UV_LOCKED: true
2026-01-12T18:29:34.0706670Z   UV_NO_MANAGED_PYTHON: true
2026-01-12T18:29:34.0707574Z ##[endgroup]
2026-01-12T18:29:34.1900234Z Syncing repository: fleetingbytes/test-freebsd-vm
2026-01-12T18:29:34.1903457Z ##[group]Getting Git version info
2026-01-12T18:29:34.1905088Z Working directory is '/home/runner/work/test-freebsd-vm/test-freebsd-vm'
2026-01-12T18:29:34.1907162Z [command]/usr/bin/git version
2026-01-12T18:29:34.1973116Z git version 2.52.0
2026-01-12T18:29:34.2001876Z ##[endgroup]
2026-01-12T18:29:34.2025203Z Temporarily overriding HOME='/home/runner/work/_temp/6a95cdaf-9b52-406b-aa99-2b28526f7381' before making global git config changes
2026-01-12T18:29:34.2028139Z Adding repository directory to the temporary git global config as a safe directory
2026-01-12T18:29:34.2031149Z [command]/usr/bin/git config --global --add safe.directory /home/runner/work/test-freebsd-vm/test-freebsd-vm
2026-01-12T18:29:34.2075620Z Deleting the contents of '/home/runner/work/test-freebsd-vm/test-freebsd-vm'
2026-01-12T18:29:34.2079546Z ##[group]Initializing the repository
2026-01-12T18:29:34.2084228Z [command]/usr/bin/git init /home/runner/work/test-freebsd-vm/test-freebsd-vm
2026-01-12T18:29:34.2228672Z hint: Using 'master' as the name for the initial branch. This default branch name
2026-01-12T18:29:34.2232509Z hint: will change to "main" in Git 3.0. To configure the initial branch name
2026-01-12T18:29:34.2235183Z hint: to use in all of your new repositories, which will suppress this warning,
2026-01-12T18:29:34.2236683Z hint: call:
2026-01-12T18:29:34.2237412Z hint:
2026-01-12T18:29:34.2238961Z hint: 	git config --global init.defaultBranch <name>
2026-01-12T18:29:34.2240350Z hint:
2026-01-12T18:29:34.2241465Z hint: Names commonly chosen instead of 'master' are 'main', 'trunk' and
2026-01-12T18:29:34.2243714Z hint: 'development'. The just-created branch can be renamed via this command:
2026-01-12T18:29:34.2245615Z hint:
2026-01-12T18:29:34.2246367Z hint: 	git branch -m <name>
2026-01-12T18:29:34.2247235Z hint:
2026-01-12T18:29:34.2248432Z hint: Disable this message with "git config set advice.defaultBranchName false"
2026-01-12T18:29:34.2250630Z Initialized empty Git repository in /home/runner/work/test-freebsd-vm/test-freebsd-vm/.git/
2026-01-12T18:29:34.2254563Z [command]/usr/bin/git remote add origin https://github.com/fleetingbytes/test-freebsd-vm
2026-01-12T18:29:34.2287244Z ##[endgroup]
2026-01-12T18:29:34.2288675Z ##[group]Disabling automatic garbage collection
2026-01-12T18:29:34.2292273Z [command]/usr/bin/git config --local gc.auto 0
2026-01-12T18:29:34.2326222Z ##[endgroup]
2026-01-12T18:29:34.2327524Z ##[group]Setting up auth
2026-01-12T18:29:34.2333245Z [command]/usr/bin/git config --local --name-only --get-regexp core\.sshCommand
2026-01-12T18:29:34.2365395Z [command]/usr/bin/git submodule foreach --recursive sh -c "git config --local --name-only --get-regexp 'core\.sshCommand' && git config --local --unset-all 'core.sshCommand' || :"
2026-01-12T18:29:34.2747271Z [command]/usr/bin/git config --local --name-only --get-regexp http\.https\:\/\/github\.com\/\.extraheader
2026-01-12T18:29:34.2780345Z [command]/usr/bin/git submodule foreach --recursive sh -c "git config --local --name-only --get-regexp 'http\.https\:\/\/github\.com\/\.extraheader' && git config --local --unset-all 'http.https://github.com/.extraheader' || :"
2026-01-12T18:29:34.3008041Z [command]/usr/bin/git config --local --name-only --get-regexp ^includeIf\.gitdir:
2026-01-12T18:29:34.3044069Z [command]/usr/bin/git submodule foreach --recursive git config --local --show-origin --name-only --get-regexp remote.origin.url
2026-01-12T18:29:34.3275118Z [command]/usr/bin/git config --local http.https://github.com/.extraheader AUTHORIZATION: basic ***
2026-01-12T18:29:34.3314319Z ##[endgroup]
2026-01-12T18:29:34.3315803Z ##[group]Fetching the repository
2026-01-12T18:29:34.3322759Z [command]/usr/bin/git -c protocol.version=2 fetch --no-tags --prune --no-recurse-submodules --depth=1 origin +bb553736f3bab88c78e0e224edef3dd7e626e0be:refs/remotes/origin/master
2026-01-12T18:29:34.6245360Z From https://github.com/fleetingbytes/test-freebsd-vm
2026-01-12T18:29:34.6246492Z  * [new ref]         bb553736f3bab88c78e0e224edef3dd7e626e0be -> origin/master
2026-01-12T18:29:34.6279345Z ##[endgroup]
2026-01-12T18:29:34.6281153Z ##[group]Determining the checkout info
2026-01-12T18:29:34.6283391Z ##[endgroup]
2026-01-12T18:29:34.6287816Z [command]/usr/bin/git sparse-checkout disable
2026-01-12T18:29:34.6334218Z [command]/usr/bin/git config --local --unset-all extensions.worktreeConfig
2026-01-12T18:29:34.6364058Z ##[group]Checking out the ref
2026-01-12T18:29:34.6368840Z [command]/usr/bin/git checkout --progress --force -B master refs/remotes/origin/master
2026-01-12T18:29:34.6421636Z Reset branch 'master'
2026-01-12T18:29:34.6422998Z branch 'master' set up to track 'origin/master'.
2026-01-12T18:29:34.6431614Z ##[endgroup]
2026-01-12T18:29:34.6473092Z [command]/usr/bin/git log -1 --format=%H
2026-01-12T18:29:34.6498134Z bb553736f3bab88c78e0e224edef3dd7e626e0be
2026-01-12T18:29:34.6731656Z ##[group]Run vmactions/freebsd-vm@v1
2026-01-12T18:29:34.6732529Z with:
2026-01-12T18:29:34.6733095Z   release: 15.0
2026-01-12T18:29:34.6733714Z   envs: UV_LOCKED UV_NO_MANAGED_PYTHON
2026-01-12T18:29:34.6734388Z   usesh: true
2026-01-12T18:29:34.6734949Z   sync: .
2026-01-12T18:29:34.6735509Z   copyback: false
2026-01-12T18:29:34.6736797Z   prepare: echo "===== Show Suspicious Basedate ====="
ntpd -gq -s pool.ntp.org || true
echo "Current date: $(date)"
pkg install -y python314 rust uv

2026-01-12T18:29:34.6741757Z   run: echo "===== Find offending files ====="
echo "st_mtime"
find "$GITHUB_WORKSPACE" -type fl -exec stat -f "%Sm %N" -t "%Y-%m-%d %H:%M:%S" {} +  | sort -n | head -n 5
echo "st_atime"
find "$GITHUB_WORKSPACE" -type fl -exec stat -f "%Sa %N" -t "%Y-%m-%d %H:%M:%S" {} +  | sort -n | head -n 5
echo "st_ctime"
find "$GITHUB_WORKSPACE" -type fl -exec stat -f "%Sc %N" -t "%Y-%m-%d %H:%M:%S" {} +  | sort -n | head -n 5
echo "st_birthtime"
find "$GITHUB_WORKSPACE" -type fl -exec stat -f "%SB %N" -t "%Y-%m-%d %H:%M:%S" {} +  | sort -n | head -n 5
echo "===== Find offending directories ====="
echo "st_mtime"
find "$GITHUB_WORKSPACE" -type d -exec stat -f "%Sm %N" -t "%Y-%m-%d %H:%M:%S" {} +  | sort -n | head -n 5
echo "st_atime"
find "$GITHUB_WORKSPACE" -type d -exec stat -f "%Sa %N" -t "%Y-%m-%d %H:%M:%S" {} +  | sort -n | head -n 5
echo "st_ctime"
find "$GITHUB_WORKSPACE" -type d -exec stat -f "%Sc %N" -t "%Y-%m-%d %H:%M:%S" {} +  | sort -n | head -n 5
echo "st_birthtime"
find "$GITHUB_WORKSPACE" -type d -exec stat -f "%SB %N" -t "%Y-%m-%d %H:%M:%S" {} +  | sort -n | head -n 5
echo "===== Install the project ====="
uv sync --no-managed-python --locked --verbose --python 3.14

2026-01-12T18:29:34.6746814Z   osname: FreeBSD
2026-01-12T18:29:34.6747392Z   mem: 6144
2026-01-12T18:29:34.6747939Z env:
2026-01-12T18:29:34.6748485Z   UV_LOCKED: true
2026-01-12T18:29:34.6749081Z   UV_NO_MANAGED_PYTHON: true
2026-01-12T18:29:34.6749704Z ##[endgroup]
2026-01-12T18:29:34.9047636Z Using ANYVM_VERSION: 0.2.4
2026-01-12T18:29:34.9050531Z Using BUILDER_VERSION: 2.0.7
2026-01-12T18:29:34.9051198Z Target OS: freebsd, Release: 15.0
2026-01-12T18:29:34.9052600Z Downloading https://raw.githubusercontent.com/anyvm-org/anyvm/v0.2.4/anyvm.py to /home/runner/work/_actions/vmactions/freebsd-vm/v1/anyvm.py
2026-01-12T18:29:35.0233489Z ##[group]Installing dependencies
2026-01-12T18:29:35.0234452Z Installing dependencies...
2026-01-12T18:29:35.1456794Z Cache hit for: apt-pkgs-linux-ubuntu24-x64-39e60be92fd52804cabcb07c17c01ac3
2026-01-12T18:29:35.8926118Z Received 23711247 of 23711247 (100.0%), 39.3 MBs/sec
2026-01-12T18:29:35.8927254Z Cache Size: ~23 MB (23711247 B)
2026-01-12T18:29:35.8988014Z [command]/usr/bin/tar -xf /home/runner/work/_temp/f8155095-8214-4078-ac53-34caf9aa4134/cache.tzst -P -C /home/runner/work/test-freebsd-vm/test-freebsd-vm --use-compress-program unzstd
2026-01-12T18:29:35.9334843Z Cache restored successfully
2026-01-12T18:29:35.9383132Z Restored apt packages from cache: apt-pkgs-linux-ubuntu24-x64-39e60be92fd52804cabcb07c17c01ac3
2026-01-12T18:29:49.6030633Z [command]/usr/bin/sudo apt-get install -y -q -o Acquire::Retries=3 -o Dpkg::Options::=--force-confdef -o Dpkg::Options::=--force-confold -o Dpkg::Options::=--force-unsafe-io -o Acquire::Languages=none --no-install-recommends ovmf qemu-system-x86 qemu-utils
2026-01-12T18:29:50.4186840Z Reading package lists...
2026-01-12T18:29:50.6561396Z Building dependency tree...
2026-01-12T18:29:50.6569345Z Reading state information...
2026-01-12T18:29:50.9553478Z The following additional packages will be installed:
2026-01-12T18:29:50.9555030Z   ipxe-qemu libbrlapi0.8 libcacard0 libdaxctl1 libfdt1 libndctl6 libpcsclite1
2026-01-12T18:29:50.9564091Z   libpmem1 librdmacm1t64 liburing2 libusbredirparser1t64 qemu-system-common
2026-01-12T18:29:50.9565306Z   qemu-system-data seabios
2026-01-12T18:29:50.9578087Z Suggested packages:
2026-01-12T18:29:50.9579915Z   pcscd samba vde2
2026-01-12T18:29:50.9580353Z Recommended packages:
2026-01-12T18:29:50.9581447Z   ipxe-qemu-256k-compat-efi-roms qemu-system-gui qemu-system-modules-spice
2026-01-12T18:29:50.9582551Z   qemu-system-modules-opengl qemu-block-extra cpu-checker
2026-01-12T18:29:50.9770425Z The following NEW packages will be installed:
2026-01-12T18:29:50.9772129Z   ipxe-qemu libbrlapi0.8 libcacard0 libdaxctl1 libfdt1 libndctl6 libpcsclite1
2026-01-12T18:29:50.9779349Z   libpmem1 librdmacm1t64 liburing2 libusbredirparser1t64 ovmf
2026-01-12T18:29:50.9782184Z   qemu-system-common qemu-system-data qemu-system-x86 qemu-utils seabios
2026-01-12T18:29:52.2358976Z 0 upgraded, 17 newly installed, 0 to remove and 119 not upgraded.
2026-01-12T18:29:52.2360196Z Need to get 0 B/23.8 MB of archives.
2026-01-12T18:29:52.2360775Z After this operation, 112 MB of additional disk space will be used.
2026-01-12T18:29:52.2987138Z Selecting previously unselected package ipxe-qemu.
2026-01-12T18:29:52.3573072Z (Reading database ... 
2026-01-12T18:29:52.3573668Z (Reading database ... 5%
2026-01-12T18:29:52.3574144Z (Reading database ... 10%
2026-01-12T18:29:52.3574562Z (Reading database ... 15%
2026-01-12T18:29:52.3574863Z (Reading database ... 20%
2026-01-12T18:29:52.3575113Z (Reading database ... 25%
2026-01-12T18:29:52.3575360Z (Reading database ... 30%
2026-01-12T18:29:52.3576823Z (Reading database ... 35%
2026-01-12T18:29:52.3577340Z (Reading database ... 40%
2026-01-12T18:29:52.3577889Z (Reading database ... 45%
2026-01-12T18:29:52.3580650Z (Reading database ... 50%
2026-01-12T18:29:52.4218809Z (Reading database ... 55%
2026-01-12T18:29:52.7715324Z (Reading database ... 60%
2026-01-12T18:29:52.9251057Z (Reading database ... 65%
2026-01-12T18:29:53.0008091Z (Reading database ... 70%
2026-01-12T18:29:53.1668590Z (Reading database ... 75%
2026-01-12T18:29:53.7202897Z (Reading database ... 80%
2026-01-12T18:29:54.3718566Z (Reading database ... 85%
2026-01-12T18:29:55.0353582Z (Reading database ... 90%
2026-01-12T18:29:55.6249531Z (Reading database ... 95%
2026-01-12T18:29:55.6250107Z (Reading database ... 100%
2026-01-12T18:29:55.6251071Z (Reading database ... 217518 files and directories currently installed.)
2026-01-12T18:29:55.6301913Z Preparing to unpack .../00-ipxe-qemu_1.21.1+git-20220113.fbbdc3926-0ubuntu2_all.deb ...
2026-01-12T18:29:55.6333948Z Unpacking ipxe-qemu (1.21.1+git-20220113.fbbdc3926-0ubuntu2) ...
2026-01-12T18:29:55.6762546Z Selecting previously unselected package libbrlapi0.8:amd64.
2026-01-12T18:29:55.6903745Z Preparing to unpack .../01-libbrlapi0.8_6.6-4ubuntu5_amd64.deb ...
2026-01-12T18:29:55.6926379Z Unpacking libbrlapi0.8:amd64 (6.6-4ubuntu5) ...
2026-01-12T18:29:55.7209557Z Selecting previously unselected package libpcsclite1:amd64.
2026-01-12T18:29:55.7349824Z Preparing to unpack .../02-libpcsclite1_2.0.3-1build1_amd64.deb ...
2026-01-12T18:29:55.7371267Z Unpacking libpcsclite1:amd64 (2.0.3-1build1) ...
2026-01-12T18:29:55.7613454Z Selecting previously unselected package libcacard0:amd64.
2026-01-12T18:29:55.7753155Z Preparing to unpack .../03-libcacard0_1%3a2.8.0-3build4_amd64.deb ...
2026-01-12T18:29:55.7763256Z Unpacking libcacard0:amd64 (1:2.8.0-3build4) ...
2026-01-12T18:29:55.8004125Z Selecting previously unselected package libdaxctl1:amd64.
2026-01-12T18:29:55.8147007Z Preparing to unpack .../04-libdaxctl1_77-2ubuntu2_amd64.deb ...
2026-01-12T18:29:55.8157139Z Unpacking libdaxctl1:amd64 (77-2ubuntu2) ...
2026-01-12T18:29:55.8397783Z Selecting previously unselected package libndctl6:amd64.
2026-01-12T18:29:55.8537629Z Preparing to unpack .../05-libndctl6_77-2ubuntu2_amd64.deb ...
2026-01-12T18:29:55.8547831Z Unpacking libndctl6:amd64 (77-2ubuntu2) ...
2026-01-12T18:29:55.8837233Z Selecting previously unselected package libpmem1:amd64.
2026-01-12T18:29:55.8977053Z Preparing to unpack .../06-libpmem1_1.13.1-1.1ubuntu2_amd64.deb ...
2026-01-12T18:29:55.8987085Z Unpacking libpmem1:amd64 (1.13.1-1.1ubuntu2) ...
2026-01-12T18:29:55.9395249Z Selecting previously unselected package librdmacm1t64:amd64.
2026-01-12T18:29:55.9535416Z Preparing to unpack .../07-librdmacm1t64_50.0-2ubuntu0.2_amd64.deb ...
2026-01-12T18:29:55.9545691Z Unpacking librdmacm1t64:amd64 (50.0-2ubuntu0.2) ...
2026-01-12T18:29:55.9860547Z Selecting previously unselected package liburing2:amd64.
2026-01-12T18:29:56.0001764Z Preparing to unpack .../08-liburing2_2.5-1build1_amd64.deb ...
2026-01-12T18:29:56.0011876Z Unpacking liburing2:amd64 (2.5-1build1) ...
2026-01-12T18:29:56.0252959Z Selecting previously unselected package libusbredirparser1t64:amd64.
2026-01-12T18:29:56.0396494Z Preparing to unpack .../09-libusbredirparser1t64_0.13.0-2.1build1_amd64.deb ...
2026-01-12T18:29:56.0410307Z Unpacking libusbredirparser1t64:amd64 (0.13.0-2.1build1) ...
2026-01-12T18:29:56.0660806Z Selecting previously unselected package qemu-system-common.
2026-01-12T18:29:56.0800007Z Preparing to unpack .../10-qemu-system-common_1%3a8.2.2+ds-0ubuntu1.11_amd64.deb ...
2026-01-12T18:29:56.0811731Z Unpacking qemu-system-common (1:8.2.2+ds-0ubuntu1.11) ...
2026-01-12T18:29:56.2047756Z Selecting previously unselected package qemu-system-data.
2026-01-12T18:29:56.2198444Z Preparing to unpack .../11-qemu-system-data_1%3a8.2.2+ds-0ubuntu1.11_all.deb ...
2026-01-12T18:29:56.2209650Z Unpacking qemu-system-data (1:8.2.2+ds-0ubuntu1.11) ...
2026-01-12T18:29:56.2967525Z Selecting previously unselected package libfdt1:amd64.
2026-01-12T18:29:56.3112823Z Preparing to unpack .../12-libfdt1_1.7.0-2build1_amd64.deb ...
2026-01-12T18:29:56.3122589Z Unpacking libfdt1:amd64 (1.7.0-2build1) ...
2026-01-12T18:29:56.3343752Z Selecting previously unselected package seabios.
2026-01-12T18:29:56.3484013Z Preparing to unpack .../13-seabios_1.16.3-2_all.deb ...
2026-01-12T18:29:56.3493980Z Unpacking seabios (1.16.3-2) ...
2026-01-12T18:29:56.3791869Z Selecting previously unselected package qemu-system-x86.
2026-01-12T18:29:56.3934966Z Preparing to unpack .../14-qemu-system-x86_1%3a8.2.2+ds-0ubuntu1.11_amd64.deb ...
2026-01-12T18:29:56.4050823Z Unpacking qemu-system-x86 (1:8.2.2+ds-0ubuntu1.11) ...
2026-01-12T18:29:56.7064104Z Selecting previously unselected package qemu-utils.
2026-01-12T18:29:56.7206207Z Preparing to unpack .../15-qemu-utils_1%3a8.2.2+ds-0ubuntu1.11_amd64.deb ...
2026-01-12T18:29:56.7216343Z Unpacking qemu-utils (1:8.2.2+ds-0ubuntu1.11) ...
2026-01-12T18:29:56.8060233Z Selecting previously unselected package ovmf.
2026-01-12T18:29:56.8201624Z Preparing to unpack .../16-ovmf_2024.02-2ubuntu0.7_all.deb ...
2026-01-12T18:29:56.8211646Z Unpacking ovmf (2024.02-2ubuntu0.7) ...
2026-01-12T18:29:56.9117669Z Setting up libfdt1:amd64 (1.7.0-2build1) ...
2026-01-12T18:29:56.9146820Z Setting up ovmf (2024.02-2ubuntu0.7) ...
2026-01-12T18:29:56.9175643Z Setting up libpcsclite1:amd64 (2.0.3-1build1) ...
2026-01-12T18:29:56.9203602Z Setting up libdaxctl1:amd64 (77-2ubuntu2) ...
2026-01-12T18:29:56.9232970Z Setting up qemu-system-data (1:8.2.2+ds-0ubuntu1.11) ...
2026-01-12T18:29:56.9263771Z Setting up seabios (1.16.3-2) ...
2026-01-12T18:29:56.9292750Z Setting up libusbredirparser1t64:amd64 (0.13.0-2.1build1) ...
2026-01-12T18:29:56.9320944Z Setting up ipxe-qemu (1.21.1+git-20220113.fbbdc3926-0ubuntu2) ...
2026-01-12T18:29:56.9348091Z Setting up libndctl6:amd64 (77-2ubuntu2) ...
2026-01-12T18:29:56.9379047Z Setting up librdmacm1t64:amd64 (50.0-2ubuntu0.2) ...
2026-01-12T18:29:56.9409313Z Setting up libbrlapi0.8:amd64 (6.6-4ubuntu5) ...
2026-01-12T18:29:56.9437508Z Setting up liburing2:amd64 (2.5-1build1) ...
2026-01-12T18:29:56.9466003Z Setting up libpmem1:amd64 (1.13.1-1.1ubuntu2) ...
2026-01-12T18:29:56.9495756Z Setting up libcacard0:amd64 (1:2.8.0-3build4) ...
2026-01-12T18:29:56.9522728Z Setting up qemu-utils (1:8.2.2+ds-0ubuntu1.11) ...
2026-01-12T18:29:56.9553860Z Setting up qemu-system-common (1:8.2.2+ds-0ubuntu1.11) ...
2026-01-12T18:29:57.0908102Z Created symlink /etc/systemd/system/multi-user.target.wants/qemu-kvm.service → /usr/lib/systemd/system/qemu-kvm.service.
2026-01-12T18:29:57.0908810Z 
2026-01-12T18:29:57.4155772Z Setting up qemu-system-x86 (1:8.2.2+ds-0ubuntu1.11) ...
2026-01-12T18:29:57.4245557Z Processing triggers for hicolor-icon-theme (0.17-2) ...
2026-01-12T18:29:57.7268338Z Processing triggers for libc-bin (2.39-0ubuntu8.6) ...
2026-01-12T18:29:59.4691202Z Processing triggers for man-db (2.12.0-4build2) ...
2026-01-12T18:29:59.4824707Z Not building database; man-db/auto-update is not 'true'.
2026-01-12T18:30:01.4662909Z 
2026-01-12T18:30:01.4663397Z Running kernel seems to be up-to-date.
2026-01-12T18:30:01.4664107Z 
2026-01-12T18:30:01.4664251Z No services need to be restarted.
2026-01-12T18:30:01.4664508Z 
2026-01-12T18:30:01.4664663Z No containers need to be restarted.
2026-01-12T18:30:01.4664924Z 
2026-01-12T18:30:01.4665101Z No user sessions are running outdated binaries.
2026-01-12T18:30:01.4665413Z 
2026-01-12T18:30:01.4665701Z No VM guests are running outdated hypervisor (qemu) binaries on this host.
2026-01-12T18:30:03.6525429Z [command]/usr/bin/sudo chmod 666 /dev/kvm
2026-01-12T18:30:03.6624133Z ##[endgroup]
2026-01-12T18:30:03.7759799Z Cache hit for: freebsd-15.0-2.0.7-amd64-v1
2026-01-12T18:30:04.9344960Z Received 96468992 of 1034567649 (9.3%), 91.8 MBs/sec
2026-01-12T18:30:05.9347444Z Received 268435456 of 1034567649 (25.9%), 127.9 MBs/sec
2026-01-12T18:30:06.9403363Z Received 457179136 of 1034567649 (44.2%), 145.1 MBs/sec
2026-01-12T18:30:07.9387428Z Received 666894336 of 1034567649 (64.5%), 158.8 MBs/sec
2026-01-12T18:30:08.9388306Z Received 826277888 of 1034567649 (79.9%), 157.4 MBs/sec
2026-01-12T18:30:09.9396358Z Received 998244352 of 1034567649 (96.5%), 158.5 MBs/sec
2026-01-12T18:30:10.1225202Z Received 1034567649 of 1034567649 (100.0%), 159.4 MBs/sec
2026-01-12T18:30:10.1226804Z Cache Size: ~987 MB (1034567649 B)
2026-01-12T18:30:10.1339034Z [command]/usr/bin/tar -xf /home/runner/work/_temp/87511698-ab86-4fc6-a708-6891f98c5f71/cache.tzst -P -C /home/runner/work/test-freebsd-vm/test-freebsd-vm --use-compress-program unzstd
2026-01-12T18:30:16.4080181Z Cache restored successfully
2026-01-12T18:30:16.5757261Z cache.restoreCache() took 12913ms
2026-01-12T18:30:16.5757936Z Cache restored: freebsd-15.0-2.0.7-amd64-v1
2026-01-12T18:30:16.5758534Z Setting permissions for /home/runner...
2026-01-12T18:30:16.5760490Z ##[group]Starting VM with anyvm.org
2026-01-12T18:30:16.5775012Z [command]/usr/bin/python3 /home/runner/work/_actions/vmactions/freebsd-vm/v1/anyvm.py --os freebsd --release 15.0 --data-dir /home/runner/work/_actions/vmactions/freebsd-vm/v1/output --cache-dir /tmp/freebsd-15.0-2.0.7-amd64-v1 --builder 2.0.7 --mem 6144 --sync . -v /home/runner/work:/home/runner/work -d --ssh-name freebsd --snapshot --vnc off
2026-01-12T18:30:29.6116577Z [2026-01-12 18:30:18.453] Using release: 15.0
2026-01-12T18:30:29.6118191Z [2026-01-12 18:30:19.458] Started QEMU (PID: 2841)
2026-01-12T18:30:29.6118663Z [2026-01-12 18:30:29.610] ======================================
2026-01-12T18:30:29.6119182Z [2026-01-12 18:30:29.610] The VM is still running in background.
2026-01-12T18:30:29.6119732Z [2026-01-12 18:30:29.610] You can login the VM with:  ssh freebsd-15.0
2026-01-12T18:30:29.6120209Z [2026-01-12 18:30:29.610] Or just:  ssh 10022
2026-01-12T18:30:29.6120639Z [2026-01-12 18:30:29.610] Or just:  ssh freebsd
2026-01-12T18:30:29.6121072Z [2026-01-12 18:30:29.610] ======================================
2026-01-12T18:30:29.6274851Z ##[endgroup]
2026-01-12T18:30:29.6275451Z Skip cache save (cache was restored or directory missing)
2026-01-12T18:30:29.6279273Z Running onStarted hook: /home/runner/work/_actions/vmactions/freebsd-vm/v1/hooks/onStarted.sh
2026-01-12T18:30:29.6281408Z Exec SSH: #!/usr/bin/env sh
2026-01-12T18:30:29.6281702Z 
2026-01-12T18:30:29.6285490Z #run in the vm as soon as the vm is started, before run the "prepare"
2026-01-12T18:30:29.6286440Z 
2026-01-12T18:30:29.6287337Z service ntpd enable
2026-01-12T18:30:29.6287657Z 
2026-01-12T18:30:29.6287957Z service ntpd start
2026-01-12T18:30:29.6288161Z 
2026-01-12T18:30:29.6288276Z freebsd-version
2026-01-12T18:30:29.6288438Z 
2026-01-12T18:30:29.6288558Z date -u
2026-01-12T18:30:29.6288695Z 
2026-01-12T18:30:29.6288816Z if ! kldload  fusefs ; then
2026-01-12T18:30:29.6289574Z   #ok, kldload: can't load fusefs: module already loaded or in kernel 
2026-01-12T18:30:29.6290078Z   echo ""
2026-01-12T18:30:29.6290317Z fi
2026-01-12T18:30:29.6290441Z 
2026-01-12T18:30:29.6290561Z #switch to latest source
2026-01-12T18:30:29.6290925Z #just for the old images, before 13.5, 14.3 and 15.0.
2026-01-12T18:30:29.6291385Z if grep "quarterly" /etc/pkg/FreeBSD.conf; then
2026-01-12T18:30:29.6292088Z   sed -i '' 's#/quarterly#/latest#g' /etc/pkg/FreeBSD.conf
2026-01-12T18:30:29.6292734Z   rm -rf /var/db/pkg/repos/*
2026-01-12T18:30:29.6293063Z   cat /etc/pkg/FreeBSD.conf
2026-01-12T18:30:29.6293359Z fi
2026-01-12T18:30:29.6293483Z 
2026-01-12T18:30:29.6293489Z 
2026-01-12T18:30:29.6293493Z 
2026-01-12T18:30:29.6293498Z 
2026-01-12T18:30:29.6293502Z 
2026-01-12T18:30:29.6293506Z 
2026-01-12T18:30:29.6293510Z 
2026-01-12T18:30:29.6293521Z 
2026-01-12T18:30:29.6293526Z 
2026-01-12T18:30:29.6293530Z 
2026-01-12T18:30:29.6293534Z 
2026-01-12T18:30:29.9177403Z Exec SSH: ln -s /home/runner/work $HOME/work
2026-01-12T18:30:29.9190389Z [command]/usr/bin/ssh -o StrictHostKeyChecking=no -o UserKnownHostsFile=/dev/null freebsd sh
2026-01-12T18:30:30.0040729Z Warning: Permanently added '[127.0.0.1]:10022' (ED25519) to the list of known hosts.
2026-01-12T18:30:30.0988262Z ##[group]Run 'prepare' in VM
2026-01-12T18:30:30.0988750Z Exec SSH: cd "$GITHUB_WORKSPACE"
2026-01-12T18:30:30.0989225Z echo "===== Show Suspicious Basedate ====="
2026-01-12T18:30:30.0989824Z ntpd -gq -s pool.ntp.org || true
2026-01-12T18:30:30.0990338Z echo "Current date: $(date)"
2026-01-12T18:30:30.0990833Z pkg install -y python314 rust uv
2026-01-12T18:30:30.1000135Z [command]/usr/bin/ssh -o StrictHostKeyChecking=no -o UserKnownHostsFile=/dev/null freebsd sh
2026-01-12T18:30:30.1809508Z Warning: Permanently added '[127.0.0.1]:10022' (ED25519) to the list of known hosts.
2026-01-12T18:30:30.2763245Z ===== Show Suspicious Basedate =====
2026-01-12T18:30:30.2789553Z 12 Jan 18:30:30 ntpd[1544]: ntpd 4.2.8p18-a (1): Starting
2026-01-12T18:30:30.2790273Z 12 Jan 18:30:30 ntpd[1544]: Command line: ntpd -gq -s pool.ntp.org
2026-01-12T18:30:30.2790973Z 12 Jan 18:30:30 ntpd[1544]: ----------------------------------------------------
2026-01-12T18:30:30.2791701Z 12 Jan 18:30:30 ntpd[1544]: ntp-4 is maintained by Network Time Foundation,
2026-01-12T18:30:30.2792710Z 12 Jan 18:30:30 ntpd[1544]: Inc. (NTF), a non-profit 501(c)(3) public-benefit
2026-01-12T18:30:30.2793489Z 12 Jan 18:30:30 ntpd[1544]: corporation.  Support and training for ntp-4 are
2026-01-12T18:30:30.2794264Z 12 Jan 18:30:30 ntpd[1544]: available at https://www.nwtime.org/support
2026-01-12T18:30:30.2795039Z 12 Jan 18:30:30 ntpd[1544]: ----------------------------------------------------
2026-01-12T18:30:30.2795768Z 12 Jan 18:30:30 ntpd[1544]: proto: precision = 0.089 usec (-23)
2026-01-12T18:30:30.2801385Z 12 Jan 18:30:30 ntpd[1544]: basedate set to 2018-08-07
2026-01-12T18:30:30.2802594Z 12 Jan 18:30:30 ntpd[1544]: gps base set to 2018-08-12 (week 2014)
2026-01-12T18:30:30.2808116Z 12 Jan 18:30:30 ntpd[1544]: leapsecond file ('/var/db/ntpd.leap-seconds.list'): good hash signature
2026-01-12T18:30:30.2815921Z 12 Jan 18:30:30 ntpd[1544]: leapsecond file ('/var/db/ntpd.leap-seconds.list'): loaded, expire=2026-06-28T00:00:00Z last=2017-01-01T00:00:00Z ofs=37
2026-01-12T18:30:30.2817676Z 12 Jan 18:30:30 ntpd[1544]: unable to bind to wildcard address :: - another process may be running - EXITING
2026-01-12T18:30:30.2825746Z Current date: Mon Jan 12 18:30:30 UTC 2026
2026-01-12T18:30:30.3021805Z Updating FreeBSD-ports repository catalogue...
2026-01-12T18:30:31.1910831Z Fetching meta.conf: . done
2026-01-12T18:30:31.6665497Z Fetching data: .......... done
2026-01-12T18:30:35.1523535Z Processing entries: .......... done
2026-01-12T18:30:35.1569393Z FreeBSD-ports repository update completed. 36658 packages processed.
2026-01-12T18:30:35.4658581Z Updating FreeBSD-ports-kmods repository catalogue...
2026-01-12T18:30:35.5101784Z Fetching meta.conf: . done
2026-01-12T18:30:35.6231999Z Fetching data: .. done
2026-01-12T18:30:35.6869609Z Processing entries: .......... done
2026-01-12T18:30:35.6870243Z FreeBSD-ports-kmods repository update completed. 204 packages processed.
2026-01-12T18:30:35.6939732Z Updating FreeBSD-base repository catalogue...
2026-01-12T18:30:36.0117307Z Fetching meta.conf: . done
2026-01-12T18:30:36.0658870Z Fetching data: ..... done
2026-01-12T18:30:36.1462205Z Processing entries: .......... done
2026-01-12T18:30:36.1463286Z FreeBSD-base repository update completed. 496 packages processed.
2026-01-12T18:30:36.1557723Z All repositories are up to date.
2026-01-12T18:30:36.5676873Z The following 12 package(s) will be affected (of 0 checked):
2026-01-12T18:30:36.5677426Z 
2026-01-12T18:30:36.5677586Z New packages to be INSTALLED:
2026-01-12T18:30:36.5677991Z 	brotli: 1.2.0,1 [FreeBSD-ports]
2026-01-12T18:30:36.5678359Z 	curl: 8.17.0 [FreeBSD-ports]
2026-01-12T18:30:36.5678600Z 	libgit2: 1.9.2 [FreeBSD-ports]
2026-01-12T18:30:36.5678837Z 	libidn2: 2.3.8 [FreeBSD-ports]
2026-01-12T18:30:36.5679084Z 	libnghttp2: 1.68.0 [FreeBSD-ports]
2026-01-12T18:30:36.5679392Z 	libpsl: 0.21.5_2 [FreeBSD-ports]
2026-01-12T18:30:36.5679637Z 	libssh2: 1.11.1,3 [FreeBSD-ports]
2026-01-12T18:30:36.5679890Z 	libunistring: 1.4.1 [FreeBSD-ports]
2026-01-12T18:30:36.5680140Z 	llhttp: 9.3.0 [FreeBSD-ports]
2026-01-12T18:30:36.5680366Z 	python314: 3.14.2 [FreeBSD-ports]
2026-01-12T18:30:36.5680592Z 	rust: 1.92.0 [FreeBSD-ports]
2026-01-12T18:30:36.5680825Z 	uv: 0.9.21 [FreeBSD-ports]
2026-01-12T18:30:36.5680966Z 
2026-01-12T18:30:36.5681061Z Number of packages to be installed: 12
2026-01-12T18:30:36.5681238Z 
2026-01-12T18:30:36.5681338Z The process will require 1 GiB more space.
2026-01-12T18:30:36.5681598Z 235 MiB to be downloaded.
2026-01-12T18:30:36.6368743Z [ 1/12] Fetching libidn2-2.3.8: ..... done
2026-01-12T18:30:36.7008272Z [ 2/12] Fetching libnghttp2-1.68.0: ... done
2026-01-12T18:30:38.0413901Z [ 3/12] Fetching rust-1.92.0: .......... done
2026-01-12T18:30:40.4862940Z [ 4/12] Fetching brotli-1.2.0,1: ........ done
2026-01-12T18:30:40.5606355Z [ 5/12] Fetching libgit2-1.9.2: ....... done
2026-01-12T18:30:40.6041238Z [ 6/12] Fetching llhttp-9.3.0: . done
2026-01-12T18:30:40.7379277Z [ 7/12] Fetching libunistring-1.4.1: ......... done
2026-01-12T18:30:40.9825170Z [ 8/12] Fetching uv-0.9.21: .......... done
2026-01-12T18:30:41.3615660Z [ 9/12] Fetching python314-3.14.2: .......... done
2026-01-12T18:30:41.9858911Z [10/12] Fetching libssh2-1.11.1,3: ....... done
2026-01-12T18:30:42.0165244Z [11/12] Fetching libpsl-0.21.5_2: .. done
2026-01-12T18:30:42.2341109Z [12/12] Fetching curl-8.17.0: .......... done
2026-01-12T18:30:43.7084499Z Checking integrity... done (0 conflicting)
2026-01-12T18:30:43.7109403Z [ 1/12] Installing brotli-1.2.0,1...
2026-01-12T18:30:43.7186706Z [ 1/12] Extracting brotli-1.2.0,1: .......... done
2026-01-12T18:30:43.8131205Z [ 2/12] Installing libnghttp2-1.68.0...
2026-01-12T18:30:43.8160776Z [ 2/12] Extracting libnghttp2-1.68.0: .......... done
2026-01-12T18:30:43.8848089Z [ 3/12] Installing libssh2-1.11.1,3...
2026-01-12T18:30:43.8972138Z [ 3/12] Extracting libssh2-1.11.1,3: .......... done
2026-01-12T18:30:43.9536908Z [ 4/12] Installing libunistring-1.4.1...
2026-01-12T18:30:43.9644269Z [ 4/12] Extracting libunistring-1.4.1: .......... done
2026-01-12T18:30:44.0325826Z [ 5/12] Installing libidn2-2.3.8...
2026-01-12T18:30:44.0379820Z [ 5/12] Extracting libidn2-2.3.8: .......... done
2026-01-12T18:30:44.1296403Z [ 6/12] Installing libpsl-0.21.5_2...
2026-01-12T18:30:44.1323234Z [ 6/12] Extracting libpsl-0.21.5_2: .......... done
2026-01-12T18:30:44.2117913Z [ 7/12] Installing curl-8.17.0...
2026-01-12T18:30:44.2544287Z [ 7/12] Extracting curl-8.17.0: .......... done
2026-01-12T18:30:44.3355011Z [ 8/12] Installing llhttp-9.3.0...
2026-01-12T18:30:44.3374621Z [ 8/12] Extracting llhttp-9.3.0: .......... done
2026-01-12T18:30:44.3415939Z [ 9/12] Installing libgit2-1.9.2...
2026-01-12T18:30:44.3536967Z [ 9/12] Extracting libgit2-1.9.2: .......... done
2026-01-12T18:30:44.4741413Z [10/12] Installing python314-3.14.2...
2026-01-12T18:30:45.2538578Z [10/12] Extracting python314-3.14.2: .......... done
2026-01-12T18:30:45.7263234Z [11/12] Installing rust-1.92.0...
2026-01-12T18:30:50.2810391Z [11/12] Extracting rust-1.92.0: .......... done
2026-01-12T18:30:50.3178735Z [12/12] Installing uv-0.9.21...
2026-01-12T18:30:50.4497243Z [12/12] Extracting uv-0.9.21: ........ done
2026-01-12T18:30:50.5463329Z =====
2026-01-12T18:30:50.5463773Z Message from python314-3.14.2:
2026-01-12T18:30:50.5464156Z 
2026-01-12T18:30:50.5464240Z --
2026-01-12T18:30:50.5464686Z Note that some standard Python modules are provided as separate ports
2026-01-12T18:30:50.5465470Z as they require additional dependencies. They are available as:
2026-01-12T18:30:50.5465894Z 
2026-01-12T18:30:50.5466067Z py314-gdbm       databases/py-gdbm@py314
2026-01-12T18:30:50.5466559Z py314-sqlite3    databases/py-sqlite3@py314
2026-01-12T18:30:50.5467063Z py314-tkinter    x11-toolkits/py-tkinter@py314
2026-01-12T18:30:50.5925997Z ##[endgroup]
2026-01-12T18:30:50.5926854Z ##[group]Run 'run' in VM
2026-01-12T18:30:50.5927289Z Exec SSH: cd "$GITHUB_WORKSPACE"
2026-01-12T18:30:50.5927713Z echo "===== Find offending files ====="
2026-01-12T18:30:50.5928129Z echo "st_mtime"
2026-01-12T18:30:50.5928779Z find "$GITHUB_WORKSPACE" -type fl -exec stat -f "%Sm %N" -t "%Y-%m-%d %H:%M:%S" {} +  | sort -n | head -n 5
2026-01-12T18:30:50.5929511Z echo "st_atime"
2026-01-12T18:30:50.5930142Z find "$GITHUB_WORKSPACE" -type fl -exec stat -f "%Sa %N" -t "%Y-%m-%d %H:%M:%S" {} +  | sort -n | head -n 5
2026-01-12T18:30:50.5930675Z echo "st_ctime"
2026-01-12T18:30:50.5931056Z find "$GITHUB_WORKSPACE" -type fl -exec stat -f "%Sc %N" -t "%Y-%m-%d %H:%M:%S" {} +  | sort -n | head -n 5
2026-01-12T18:30:50.5931683Z echo "st_birthtime"
2026-01-12T18:30:50.5932178Z find "$GITHUB_WORKSPACE" -type fl -exec stat -f "%SB %N" -t "%Y-%m-%d %H:%M:%S" {} +  | sort -n | head -n 5
2026-01-12T18:30:50.5932846Z echo "===== Find offending directories ====="
2026-01-12T18:30:50.5933216Z echo "st_mtime"
2026-01-12T18:30:50.5933657Z find "$GITHUB_WORKSPACE" -type d -exec stat -f "%Sm %N" -t "%Y-%m-%d %H:%M:%S" {} +  | sort -n | head -n 5
2026-01-12T18:30:50.5934236Z echo "st_atime"
2026-01-12T18:30:50.5934723Z find "$GITHUB_WORKSPACE" -type d -exec stat -f "%Sa %N" -t "%Y-%m-%d %H:%M:%S" {} +  | sort -n | head -n 5
2026-01-12T18:30:50.5935231Z echo "st_ctime"
2026-01-12T18:30:50.5935672Z find "$GITHUB_WORKSPACE" -type d -exec stat -f "%Sc %N" -t "%Y-%m-%d %H:%M:%S" {} +  | sort -n | head -n 5
2026-01-12T18:30:50.5936239Z echo "st_birthtime"
2026-01-12T18:30:50.5959708Z find "$GITHUB_WORKSPACE" -type d -exec stat -f "%SB %N" -t "%Y-%m-%d %H:%M:%S" {} +  | sort -n | head -n 5
2026-01-12T18:30:50.5960510Z echo "===== Install the project ====="
2026-01-12T18:30:50.5961052Z uv sync --no-managed-python --locked --verbose --python 3.14
2026-01-12T18:30:50.5961869Z [command]/usr/bin/ssh -o StrictHostKeyChecking=no -o UserKnownHostsFile=/dev/null freebsd sh
2026-01-12T18:30:50.8090282Z Warning: Permanently added '[127.0.0.1]:10022' (ED25519) to the list of known hosts.
2026-01-12T18:30:50.9008800Z ===== Find offending files =====
2026-01-12T18:30:50.9009530Z st_mtime
2026-01-12T18:30:50.9710335Z 2026-01-12 18:29:34 /home/runner/work/test-freebsd-vm/test-freebsd-vm/.git/FETCH_HEAD
2026-01-12T18:30:50.9713218Z 2026-01-12 18:29:34 /home/runner/work/test-freebsd-vm/test-freebsd-vm/.git/HEAD
2026-01-12T18:30:50.9714386Z 2026-01-12 18:29:34 /home/runner/work/test-freebsd-vm/test-freebsd-vm/.git/config
2026-01-12T18:30:50.9718075Z 2026-01-12 18:29:34 /home/runner/work/test-freebsd-vm/test-freebsd-vm/.git/config.worktree
2026-01-12T18:30:50.9718956Z 2026-01-12 18:29:34 /home/runner/work/test-freebsd-vm/test-freebsd-vm/.git/description
2026-01-12T18:30:50.9719342Z st_atime
2026-01-12T18:30:50.9820419Z 2026-01-12 18:29:34 /home/runner/work/test-freebsd-vm/test-freebsd-vm/.git/FETCH_HEAD
2026-01-12T18:30:50.9823372Z 2026-01-12 18:29:34 /home/runner/work/test-freebsd-vm/test-freebsd-vm/.git/HEAD
2026-01-12T18:30:50.9825516Z 2026-01-12 18:29:34 /home/runner/work/test-freebsd-vm/test-freebsd-vm/.git/config
2026-01-12T18:30:50.9828169Z 2026-01-12 18:29:34 /home/runner/work/test-freebsd-vm/test-freebsd-vm/.git/config.worktree
2026-01-12T18:30:50.9829470Z 2026-01-12 18:29:34 /home/runner/work/test-freebsd-vm/test-freebsd-vm/.git/description
2026-01-12T18:30:50.9830262Z st_ctime
2026-01-12T18:30:50.9893825Z 2026-01-12 18:29:34 /home/runner/work/test-freebsd-vm/test-freebsd-vm/.git/FETCH_HEAD
2026-01-12T18:30:50.9895655Z 2026-01-12 18:29:34 /home/runner/work/test-freebsd-vm/test-freebsd-vm/.git/HEAD
2026-01-12T18:30:50.9899271Z 2026-01-12 18:29:34 /home/runner/work/test-freebsd-vm/test-freebsd-vm/.git/config
2026-01-12T18:30:50.9900140Z 2026-01-12 18:29:34 /home/runner/work/test-freebsd-vm/test-freebsd-vm/.git/config.worktree
2026-01-12T18:30:50.9901006Z 2026-01-12 18:29:34 /home/runner/work/test-freebsd-vm/test-freebsd-vm/.git/description
2026-01-12T18:30:50.9901636Z st_birthtime
2026-01-12T18:30:50.9933725Z 1969-12-31 23:59:59 /home/runner/work/test-freebsd-vm/test-freebsd-vm/.git/FETCH_HEAD
2026-01-12T18:30:50.9934901Z 1969-12-31 23:59:59 /home/runner/work/test-freebsd-vm/test-freebsd-vm/.git/HEAD
2026-01-12T18:30:50.9937728Z 1969-12-31 23:59:59 /home/runner/work/test-freebsd-vm/test-freebsd-vm/.git/config
2026-01-12T18:30:50.9938851Z 1969-12-31 23:59:59 /home/runner/work/test-freebsd-vm/test-freebsd-vm/.git/config.worktree
2026-01-12T18:30:50.9939747Z 1969-12-31 23:59:59 /home/runner/work/test-freebsd-vm/test-freebsd-vm/.git/description
2026-01-12T18:30:50.9940445Z ===== Find offending directories =====
2026-01-12T18:30:50.9941200Z st_mtime
2026-01-12T18:30:50.9994134Z 2026-01-12 18:29:34 /home/runner/work/test-freebsd-vm/test-freebsd-vm
2026-01-12T18:30:50.9995392Z 2026-01-12 18:29:34 /home/runner/work/test-freebsd-vm/test-freebsd-vm/.git
2026-01-12T18:30:50.9997507Z 2026-01-12 18:29:34 /home/runner/work/test-freebsd-vm/test-freebsd-vm/.git/hooks
2026-01-12T18:30:51.0000913Z 2026-01-12 18:29:34 /home/runner/work/test-freebsd-vm/test-freebsd-vm/.git/info
2026-01-12T18:30:51.0001704Z 2026-01-12 18:29:34 /home/runner/work/test-freebsd-vm/test-freebsd-vm/.git/logs
2026-01-12T18:30:51.0002279Z st_atime
2026-01-12T18:30:51.0063194Z 2026-01-12 18:29:34 /home/runner/work/test-freebsd-vm/test-freebsd-vm
2026-01-12T18:30:51.0064541Z 2026-01-12 18:29:34 /home/runner/work/test-freebsd-vm/test-freebsd-vm/.git
2026-01-12T18:30:51.0067832Z 2026-01-12 18:29:34 /home/runner/work/test-freebsd-vm/test-freebsd-vm/.git/hooks
2026-01-12T18:30:51.0068610Z 2026-01-12 18:29:34 /home/runner/work/test-freebsd-vm/test-freebsd-vm/.git/info
2026-01-12T18:30:51.0069321Z 2026-01-12 18:29:34 /home/runner/work/test-freebsd-vm/test-freebsd-vm/.git/logs
2026-01-12T18:30:51.0070450Z st_ctime
2026-01-12T18:30:51.0163108Z 2026-01-12 18:29:34 /home/runner/work/test-freebsd-vm/test-freebsd-vm
2026-01-12T18:30:51.0163997Z 2026-01-12 18:29:34 /home/runner/work/test-freebsd-vm/test-freebsd-vm/.git
2026-01-12T18:30:51.0164911Z 2026-01-12 18:29:34 /home/runner/work/test-freebsd-vm/test-freebsd-vm/.git/hooks
2026-01-12T18:30:51.0165789Z 2026-01-12 18:29:34 /home/runner/work/test-freebsd-vm/test-freebsd-vm/.git/info
2026-01-12T18:30:51.0166601Z 2026-01-12 18:29:34 /home/runner/work/test-freebsd-vm/test-freebsd-vm/.git/logs
2026-01-12T18:30:51.0167209Z st_birthtime
2026-01-12T18:30:51.0230254Z 1969-12-31 23:59:59 /home/runner/work/test-freebsd-vm/test-freebsd-vm
2026-01-12T18:30:51.0231886Z 1969-12-31 23:59:59 /home/runner/work/test-freebsd-vm/test-freebsd-vm/.git
2026-01-12T18:30:51.0232922Z 1969-12-31 23:59:59 /home/runner/work/test-freebsd-vm/test-freebsd-vm/.git/hooks
2026-01-12T18:30:51.0233437Z 1969-12-31 23:59:59 /home/runner/work/test-freebsd-vm/test-freebsd-vm/.git/info
2026-01-12T18:30:51.0234272Z 1969-12-31 23:59:59 /home/runner/work/test-freebsd-vm/test-freebsd-vm/.git/logs
2026-01-12T18:30:51.0234842Z ===== Install the project =====
2026-01-12T18:30:51.0422497Z DEBUG uv 0.9.21
2026-01-12T18:30:51.0427604Z DEBUG Acquired shared lock for `/root/.cache/uv`
2026-01-12T18:30:51.0429194Z DEBUG Found project root: `/home/runner/work/test-freebsd-vm/test-freebsd-vm`
2026-01-12T18:30:51.0463157Z DEBUG No workspace root found, using project root
2026-01-12T18:30:51.0469104Z DEBUG Acquired exclusive lock for `/home/runner/work/test-freebsd-vm/test-freebsd-vm`
2026-01-12T18:30:51.0469980Z DEBUG Using Python request `3.14` from explicit request
2026-01-12T18:30:51.0470645Z DEBUG Checking for Python environment at: `.venv`
2026-01-12T18:30:51.0478696Z DEBUG Using request timeout of 30s
2026-01-12T18:30:51.0762695Z DEBUG Searching for Python 3.14 in search path
2026-01-12T18:30:51.1164901Z DEBUG Found `cpython-3.14.2-freebsd-x86_64-none` at `/usr/local/bin/python3.14` (first executable in the search path)
2026-01-12T18:30:51.1166074Z Using CPython 3.14.2 interpreter at: /usr/local/bin/python3.14
2026-01-12T18:30:51.1179142Z Creating virtual environment at: .venv
2026-01-12T18:30:51.1179790Z DEBUG Using base executable for virtual environment: /usr/local/bin/python3.14
2026-01-12T18:30:51.1707854Z DEBUG Released lock at `/tmp/uv-e0705138194b57a0.lock`
2026-01-12T18:30:51.1824198Z WARN Failed to acquire environment lock: Could not persist temporary file `.venv/.tmpVblTRf`
2026-01-12T18:30:51.1858456Z DEBUG Using request timeout of 30s
2026-01-12T18:30:51.1891879Z DEBUG Found static `pyproject.toml` for: birthime @ file:///home/runner/work/test-freebsd-vm/test-freebsd-vm
2026-01-12T18:30:51.1929881Z DEBUG No workspace root found, using project root
2026-01-12T18:30:51.1930822Z DEBUG Existing `uv.lock` satisfies workspace requirements
2026-01-12T18:30:51.1931422Z Resolved 1 package in 7ms
2026-01-12T18:30:51.1931870Z DEBUG Using request timeout of 30s
2026-01-12T18:30:51.1972906Z DEBUG Identified uncached distribution: birthime @ file:///home/runner/work/test-freebsd-vm/test-freebsd-vm
2026-01-12T18:30:51.1977990Z DEBUG Acquired exclusive lock for `/root/.cache/uv/sdists-v9/editable/abccf2d76c5e8779`
2026-01-12T18:30:51.2017720Z DEBUG Computed cache info: Timestamp(SystemTime { tv_sec: 1768242651, tv_nsec: 0 }), None, None, {}, {"src": Some(Timestamp(Timestamp(SystemTime { tv_sec: -1, tv_nsec: 0 })))}. Most recently modified: pyproject.toml
2026-01-12T18:30:51.2021683Z DEBUG Released lock at `/root/.cache/uv/sdists-v9/editable/abccf2d76c5e8779/.lock`
2026-01-12T18:30:51.2025610Z   × Failed to build `birthime @
2026-01-12T18:30:51.2026415Z   │ file:///home/runner/work/test-freebsd-vm/test-freebsd-vm`
2026-01-12T18:30:51.2027395Z   ├─▶ Failed to serialize cache entry
2026-01-12T18:30:51.2028062Z   ╰─▶ SystemTime must be later than UNIX_EPOCH
2026-01-12T18:30:51.2028676Z DEBUG Released lock at `/root/.cache/uv/.lock`
2026-01-12T18:30:51.2088069Z ##[error]The process '/usr/bin/ssh' failed with exit code 1
2026-01-12T18:30:51.2279230Z Post job cleanup.
2026-01-12T18:30:51.3301308Z [command]/usr/bin/git version
2026-01-12T18:30:51.3339986Z git version 2.52.0
2026-01-12T18:30:51.3386249Z Temporarily overriding HOME='/home/runner/work/_temp/99e126e0-46f8-4c0c-8362-183d2ab0b258' before making global git config changes
2026-01-12T18:30:51.3387551Z Adding repository directory to the temporary git global config as a safe directory
2026-01-12T18:30:51.3393231Z [command]/usr/bin/git config --global --add safe.directory /home/runner/work/test-freebsd-vm/test-freebsd-vm
2026-01-12T18:30:51.3434699Z [command]/usr/bin/git config --local --name-only --get-regexp core\.sshCommand
2026-01-12T18:30:51.3470197Z [command]/usr/bin/git submodule foreach --recursive sh -c "git config --local --name-only --get-regexp 'core\.sshCommand' && git config --local --unset-all 'core.sshCommand' || :"
2026-01-12T18:30:51.3741901Z [command]/usr/bin/git config --local --name-only --get-regexp http\.https\:\/\/github\.com\/\.extraheader
2026-01-12T18:30:51.3765750Z http.https://github.com/.extraheader
2026-01-12T18:30:51.3779513Z [command]/usr/bin/git config --local --unset-all http.https://github.com/.extraheader
2026-01-12T18:30:51.3812237Z [command]/usr/bin/git submodule foreach --recursive sh -c "git config --local --name-only --get-regexp 'http\.https\:\/\/github\.com\/\.extraheader' && git config --local --unset-all 'http.https://github.com/.extraheader' || :"
2026-01-12T18:30:51.4043079Z [command]/usr/bin/git config --local --name-only --get-regexp ^includeIf\.gitdir:
2026-01-12T18:30:51.4076856Z [command]/usr/bin/git submodule foreach --recursive git config --local --show-origin --name-only --get-regexp remote.origin.url
2026-01-12T18:30:51.4458272Z Cleaning up orphan processes
2026-01-12T18:30:51.4829494Z Terminate orphan process: pid (2841) (qemu-system-x86_64)
