2026-01-12T18:29:34.6731616Z ##[group]Run vmactions/freebsd-vm@v1
2026-01-12T18:29:34.6732522Z with:
2026-01-12T18:29:34.6733091Z   release: 15.0
2026-01-12T18:29:34.6733710Z   envs: UV_LOCKED UV_NO_MANAGED_PYTHON
2026-01-12T18:29:34.6734384Z   usesh: true
2026-01-12T18:29:34.6734945Z   sync: .
2026-01-12T18:29:34.6735505Z   copyback: false
2026-01-12T18:29:34.6736781Z   prepare: echo "===== Show Suspicious Basedate ====="
ntpd -gq -s pool.ntp.org || true
echo "Current date: $(date)"
pkg install -y python314 rust uv

2026-01-12T18:29:34.6741631Z   run: echo "===== Find offending files ====="
echo "st_mtime"
find "$GITHUB_WORKSPACE" -type fl -exec stat -f "%Sm %N" -t "%Y-%m-%d %H:%M:%S" {} +  | sort -n | head -n 5
echo "st_atime"
find "$GITHUB_WORKSPACE" -type fl -exec stat -f "%Sa %N" -t "%Y-%m-%d %H:%M:%S" {} +  | sort -n | head -n 5
echo "st_ctime"
find "$GITHUB_WORKSPACE" -type fl -exec stat -f "%Sc %N" -t "%Y-%m-%d %H:%M:%S" {} +  | sort -n | head -n 5
echo "st_birthtime"
find "$GITHUB_WORKSPACE" -type fl -exec stat -f "%SB %N" -t "%Y-%m-%d %H:%M:%S" {} +  | sort -n | head -n 5
echo "===== Find offending directories ====="
echo "st_mtime"
find "$GITHUB_WORKSPACE" -type d -exec stat -f "%Sm %N" -t "%Y-%m-%d %H:%M:%S" {} +  | sort -n | head -n 5
echo "st_atime"
find "$GITHUB_WORKSPACE" -type d -exec stat -f "%Sa %N" -t "%Y-%m-%d %H:%M:%S" {} +  | sort -n | head -n 5
echo "st_ctime"
find "$GITHUB_WORKSPACE" -type d -exec stat -f "%Sc %N" -t "%Y-%m-%d %H:%M:%S" {} +  | sort -n | head -n 5
echo "st_birthtime"
find "$GITHUB_WORKSPACE" -type d -exec stat -f "%SB %N" -t "%Y-%m-%d %H:%M:%S" {} +  | sort -n | head -n 5
echo "===== Install the project ====="
uv sync --no-managed-python --locked --verbose --python 3.14

2026-01-12T18:29:34.6746808Z   osname: FreeBSD
2026-01-12T18:29:34.6747388Z   mem: 6144
2026-01-12T18:29:34.6747935Z env:
2026-01-12T18:29:34.6748481Z   UV_LOCKED: true
2026-01-12T18:29:34.6749077Z   UV_NO_MANAGED_PYTHON: true
2026-01-12T18:29:34.6749701Z ##[endgroup]
2026-01-12T18:29:34.9047518Z Using ANYVM_VERSION: 0.2.4
2026-01-12T18:29:34.9050505Z Using BUILDER_VERSION: 2.0.7
2026-01-12T18:29:34.9051184Z Target OS: freebsd, Release: 15.0
2026-01-12T18:29:34.9052580Z Downloading https://raw.githubusercontent.com/anyvm-org/anyvm/v0.2.4/anyvm.py to /home/runner/work/_actions/vmactions/freebsd-vm/v1/anyvm.py
2026-01-12T18:29:35.0233415Z ##[group]Installing dependencies
2026-01-12T18:29:35.0234441Z Installing dependencies...
2026-01-12T18:29:35.1456747Z Cache hit for: apt-pkgs-linux-ubuntu24-x64-39e60be92fd52804cabcb07c17c01ac3
2026-01-12T18:29:35.8926048Z Received 23711247 of 23711247 (100.0%), 39.3 MBs/sec
2026-01-12T18:29:35.8927238Z Cache Size: ~23 MB (23711247 B)
2026-01-12T18:29:35.8987968Z [command]/usr/bin/tar -xf /home/runner/work/_temp/f8155095-8214-4078-ac53-34caf9aa4134/cache.tzst -P -C /home/runner/work/test-freebsd-vm/test-freebsd-vm --use-compress-program unzstd
2026-01-12T18:29:35.9334754Z Cache restored successfully
2026-01-12T18:29:35.9383046Z Restored apt packages from cache: apt-pkgs-linux-ubuntu24-x64-39e60be92fd52804cabcb07c17c01ac3
2026-01-12T18:29:49.6030559Z [command]/usr/bin/sudo apt-get install -y -q -o Acquire::Retries=3 -o Dpkg::Options::=--force-confdef -o Dpkg::Options::=--force-confold -o Dpkg::Options::=--force-unsafe-io -o Acquire::Languages=none --no-install-recommends ovmf qemu-system-x86 qemu-utils
2026-01-12T18:29:50.4186779Z Reading package lists...
2026-01-12T18:29:50.6561326Z Building dependency tree...
2026-01-12T18:29:50.6569326Z Reading state information...
2026-01-12T18:29:50.9553395Z The following additional packages will be installed:
2026-01-12T18:29:50.9555010Z   ipxe-qemu libbrlapi0.8 libcacard0 libdaxctl1 libfdt1 libndctl6 libpcsclite1
2026-01-12T18:29:50.9564068Z   libpmem1 librdmacm1t64 liburing2 libusbredirparser1t64 qemu-system-common
2026-01-12T18:29:50.9565293Z   qemu-system-data seabios
2026-01-12T18:29:50.9578061Z Suggested packages:
2026-01-12T18:29:50.9579890Z   pcscd samba vde2
2026-01-12T18:29:50.9580340Z Recommended packages:
2026-01-12T18:29:50.9581008Z   ipxe-qemu-256k-compat-efi-roms qemu-system-gui qemu-system-modules-spice
2026-01-12T18:29:50.9582540Z   qemu-system-modules-opengl qemu-block-extra cpu-checker
2026-01-12T18:29:50.9770380Z The following NEW packages will be installed:
2026-01-12T18:29:50.9772119Z   ipxe-qemu libbrlapi0.8 libcacard0 libdaxctl1 libfdt1 libndctl6 libpcsclite1
2026-01-12T18:29:50.9779329Z   libpmem1 librdmacm1t64 liburing2 libusbredirparser1t64 ovmf
2026-01-12T18:29:50.9782165Z   qemu-system-common qemu-system-data qemu-system-x86 qemu-utils seabios
2026-01-12T18:29:52.2358927Z 0 upgraded, 17 newly installed, 0 to remove and 119 not upgraded.
2026-01-12T18:29:52.2360186Z Need to get 0 B/23.8 MB of archives.
2026-01-12T18:29:52.2360771Z After this operation, 112 MB of additional disk space will be used.
2026-01-12T18:29:52.2987093Z Selecting previously unselected package ipxe-qemu.
2026-01-12T18:29:52.3573021Z (Reading database ... 
2026-01-12T18:29:52.3573657Z (Reading database ... 5%
2026-01-12T18:29:52.3574082Z (Reading database ... 10%
2026-01-12T18:29:52.3574553Z (Reading database ... 15%
2026-01-12T18:29:52.3574861Z (Reading database ... 20%
2026-01-12T18:29:52.3575111Z (Reading database ... 25%
2026-01-12T18:29:52.3575358Z (Reading database ... 30%
2026-01-12T18:29:52.3576807Z (Reading database ... 35%
2026-01-12T18:29:52.3577331Z (Reading database ... 40%
2026-01-12T18:29:52.3577880Z (Reading database ... 45%
2026-01-12T18:29:52.3580637Z (Reading database ... 50%
2026-01-12T18:29:52.4218775Z (Reading database ... 55%
2026-01-12T18:29:52.7715283Z (Reading database ... 60%
2026-01-12T18:29:52.9251020Z (Reading database ... 65%
2026-01-12T18:29:53.0008053Z (Reading database ... 70%
2026-01-12T18:29:53.1668564Z (Reading database ... 75%
2026-01-12T18:29:53.7202842Z (Reading database ... 80%
2026-01-12T18:29:54.3718520Z (Reading database ... 85%
2026-01-12T18:29:55.0353532Z (Reading database ... 90%
2026-01-12T18:29:55.6249469Z (Reading database ... 95%
2026-01-12T18:29:55.6250101Z (Reading database ... 100%
2026-01-12T18:29:55.6251018Z (Reading database ... 217518 files and directories currently installed.)
2026-01-12T18:29:55.6301873Z Preparing to unpack .../00-ipxe-qemu_1.21.1+git-20220113.fbbdc3926-0ubuntu2_all.deb ...
2026-01-12T18:29:55.6333913Z Unpacking ipxe-qemu (1.21.1+git-20220113.fbbdc3926-0ubuntu2) ...
2026-01-12T18:29:55.6762503Z Selecting previously unselected package libbrlapi0.8:amd64.
2026-01-12T18:29:55.6903708Z Preparing to unpack .../01-libbrlapi0.8_6.6-4ubuntu5_amd64.deb ...
2026-01-12T18:29:55.6926362Z Unpacking libbrlapi0.8:amd64 (6.6-4ubuntu5) ...
2026-01-12T18:29:55.7209511Z Selecting previously unselected package libpcsclite1:amd64.
2026-01-12T18:29:55.7349779Z Preparing to unpack .../02-libpcsclite1_2.0.3-1build1_amd64.deb ...
2026-01-12T18:29:55.7371253Z Unpacking libpcsclite1:amd64 (2.0.3-1build1) ...
2026-01-12T18:29:55.7613406Z Selecting previously unselected package libcacard0:amd64.
2026-01-12T18:29:55.7753113Z Preparing to unpack .../03-libcacard0_1%3a2.8.0-3build4_amd64.deb ...
2026-01-12T18:29:55.7763212Z Unpacking libcacard0:amd64 (1:2.8.0-3build4) ...
2026-01-12T18:29:55.8004075Z Selecting previously unselected package libdaxctl1:amd64.
2026-01-12T18:29:55.8146954Z Preparing to unpack .../04-libdaxctl1_77-2ubuntu2_amd64.deb ...
2026-01-12T18:29:55.8157125Z Unpacking libdaxctl1:amd64 (77-2ubuntu2) ...
2026-01-12T18:29:55.8397736Z Selecting previously unselected package libndctl6:amd64.
2026-01-12T18:29:55.8537584Z Preparing to unpack .../05-libndctl6_77-2ubuntu2_amd64.deb ...
2026-01-12T18:29:55.8547818Z Unpacking libndctl6:amd64 (77-2ubuntu2) ...
2026-01-12T18:29:55.8837186Z Selecting previously unselected package libpmem1:amd64.
2026-01-12T18:29:55.8977013Z Preparing to unpack .../06-libpmem1_1.13.1-1.1ubuntu2_amd64.deb ...
2026-01-12T18:29:55.8987075Z Unpacking libpmem1:amd64 (1.13.1-1.1ubuntu2) ...
2026-01-12T18:29:55.9395201Z Selecting previously unselected package librdmacm1t64:amd64.
2026-01-12T18:29:55.9535361Z Preparing to unpack .../07-librdmacm1t64_50.0-2ubuntu0.2_amd64.deb ...
2026-01-12T18:29:55.9545376Z Unpacking librdmacm1t64:amd64 (50.0-2ubuntu0.2) ...
2026-01-12T18:29:55.9860499Z Selecting previously unselected package liburing2:amd64.
2026-01-12T18:29:56.0001719Z Preparing to unpack .../08-liburing2_2.5-1build1_amd64.deb ...
2026-01-12T18:29:56.0011857Z Unpacking liburing2:amd64 (2.5-1build1) ...
2026-01-12T18:29:56.0252905Z Selecting previously unselected package libusbredirparser1t64:amd64.
2026-01-12T18:29:56.0396454Z Preparing to unpack .../09-libusbredirparser1t64_0.13.0-2.1build1_amd64.deb ...
2026-01-12T18:29:56.0410290Z Unpacking libusbredirparser1t64:amd64 (0.13.0-2.1build1) ...
2026-01-12T18:29:56.0660759Z Selecting previously unselected package qemu-system-common.
2026-01-12T18:29:56.0799958Z Preparing to unpack .../10-qemu-system-common_1%3a8.2.2+ds-0ubuntu1.11_amd64.deb ...
2026-01-12T18:29:56.0811717Z Unpacking qemu-system-common (1:8.2.2+ds-0ubuntu1.11) ...
2026-01-12T18:29:56.2047703Z Selecting previously unselected package qemu-system-data.
2026-01-12T18:29:56.2198357Z Preparing to unpack .../11-qemu-system-data_1%3a8.2.2+ds-0ubuntu1.11_all.deb ...
2026-01-12T18:29:56.2209631Z Unpacking qemu-system-data (1:8.2.2+ds-0ubuntu1.11) ...
2026-01-12T18:29:56.2967484Z Selecting previously unselected package libfdt1:amd64.
2026-01-12T18:29:56.3112782Z Preparing to unpack .../12-libfdt1_1.7.0-2build1_amd64.deb ...
2026-01-12T18:29:56.3122572Z Unpacking libfdt1:amd64 (1.7.0-2build1) ...
2026-01-12T18:29:56.3343710Z Selecting previously unselected package seabios.
2026-01-12T18:29:56.3483970Z Preparing to unpack .../13-seabios_1.16.3-2_all.deb ...
2026-01-12T18:29:56.3493967Z Unpacking seabios (1.16.3-2) ...
2026-01-12T18:29:56.3791824Z Selecting previously unselected package qemu-system-x86.
2026-01-12T18:29:56.3934924Z Preparing to unpack .../14-qemu-system-x86_1%3a8.2.2+ds-0ubuntu1.11_amd64.deb ...
2026-01-12T18:29:56.4050777Z Unpacking qemu-system-x86 (1:8.2.2+ds-0ubuntu1.11) ...
2026-01-12T18:29:56.7064057Z Selecting previously unselected package qemu-utils.
2026-01-12T18:29:56.7206000Z Preparing to unpack .../15-qemu-utils_1%3a8.2.2+ds-0ubuntu1.11_amd64.deb ...
2026-01-12T18:29:56.7216328Z Unpacking qemu-utils (1:8.2.2+ds-0ubuntu1.11) ...
2026-01-12T18:29:56.8060189Z Selecting previously unselected package ovmf.
2026-01-12T18:29:56.8201571Z Preparing to unpack .../16-ovmf_2024.02-2ubuntu0.7_all.deb ...
2026-01-12T18:29:56.8211636Z Unpacking ovmf (2024.02-2ubuntu0.7) ...
2026-01-12T18:29:56.9117621Z Setting up libfdt1:amd64 (1.7.0-2build1) ...
2026-01-12T18:29:56.9146788Z Setting up ovmf (2024.02-2ubuntu0.7) ...
2026-01-12T18:29:56.9175599Z Setting up libpcsclite1:amd64 (2.0.3-1build1) ...
2026-01-12T18:29:56.9203575Z Setting up libdaxctl1:amd64 (77-2ubuntu2) ...
2026-01-12T18:29:56.9232953Z Setting up qemu-system-data (1:8.2.2+ds-0ubuntu1.11) ...
2026-01-12T18:29:56.9263750Z Setting up seabios (1.16.3-2) ...
2026-01-12T18:29:56.9292726Z Setting up libusbredirparser1t64:amd64 (0.13.0-2.1build1) ...
2026-01-12T18:29:56.9320900Z Setting up ipxe-qemu (1.21.1+git-20220113.fbbdc3926-0ubuntu2) ...
2026-01-12T18:29:56.9348070Z Setting up libndctl6:amd64 (77-2ubuntu2) ...
2026-01-12T18:29:56.9379031Z Setting up librdmacm1t64:amd64 (50.0-2ubuntu0.2) ...
2026-01-12T18:29:56.9409299Z Setting up libbrlapi0.8:amd64 (6.6-4ubuntu5) ...
2026-01-12T18:29:56.9437480Z Setting up liburing2:amd64 (2.5-1build1) ...
2026-01-12T18:29:56.9465976Z Setting up libpmem1:amd64 (1.13.1-1.1ubuntu2) ...
2026-01-12T18:29:56.9495731Z Setting up libcacard0:amd64 (1:2.8.0-3build4) ...
2026-01-12T18:29:56.9522711Z Setting up qemu-utils (1:8.2.2+ds-0ubuntu1.11) ...
2026-01-12T18:29:56.9553842Z Setting up qemu-system-common (1:8.2.2+ds-0ubuntu1.11) ...
2026-01-12T18:29:57.0908066Z Created symlink /etc/systemd/system/multi-user.target.wants/qemu-kvm.service → /usr/lib/systemd/system/qemu-kvm.service.
2026-01-12T18:29:57.0908805Z 
2026-01-12T18:29:57.4155723Z Setting up qemu-system-x86 (1:8.2.2+ds-0ubuntu1.11) ...
2026-01-12T18:29:57.4245531Z Processing triggers for hicolor-icon-theme (0.17-2) ...
2026-01-12T18:29:57.7267957Z Processing triggers for libc-bin (2.39-0ubuntu8.6) ...
2026-01-12T18:29:59.4691157Z Processing triggers for man-db (2.12.0-4build2) ...
2026-01-12T18:29:59.4824668Z Not building database; man-db/auto-update is not 'true'.
2026-01-12T18:30:01.4662857Z 
2026-01-12T18:30:01.4663392Z Running kernel seems to be up-to-date.
2026-01-12T18:30:01.4664103Z 
2026-01-12T18:30:01.4664247Z No services need to be restarted.
2026-01-12T18:30:01.4664506Z 
2026-01-12T18:30:01.4664660Z No containers need to be restarted.
2026-01-12T18:30:01.4664920Z 
2026-01-12T18:30:01.4665098Z No user sessions are running outdated binaries.
2026-01-12T18:30:01.4665411Z 
2026-01-12T18:30:01.4665697Z No VM guests are running outdated hypervisor (qemu) binaries on this host.
2026-01-12T18:30:03.6525384Z [command]/usr/bin/sudo chmod 666 /dev/kvm
2026-01-12T18:30:03.6624088Z ##[endgroup]
2026-01-12T18:30:03.7759780Z Cache hit for: freebsd-15.0-2.0.7-amd64-v1
2026-01-12T18:30:04.9344914Z Received 96468992 of 1034567649 (9.3%), 91.8 MBs/sec
2026-01-12T18:30:05.9347364Z Received 268435456 of 1034567649 (25.9%), 127.9 MBs/sec
2026-01-12T18:30:06.9403312Z Received 457179136 of 1034567649 (44.2%), 145.1 MBs/sec
2026-01-12T18:30:07.9387385Z Received 666894336 of 1034567649 (64.5%), 158.8 MBs/sec
2026-01-12T18:30:08.9388262Z Received 826277888 of 1034567649 (79.9%), 157.4 MBs/sec
2026-01-12T18:30:09.9396312Z Received 998244352 of 1034567649 (96.5%), 158.5 MBs/sec
2026-01-12T18:30:10.1225157Z Received 1034567649 of 1034567649 (100.0%), 159.4 MBs/sec
2026-01-12T18:30:10.1226798Z Cache Size: ~987 MB (1034567649 B)
2026-01-12T18:30:10.1338989Z [command]/usr/bin/tar -xf /home/runner/work/_temp/87511698-ab86-4fc6-a708-6891f98c5f71/cache.tzst -P -C /home/runner/work/test-freebsd-vm/test-freebsd-vm --use-compress-program unzstd
2026-01-12T18:30:16.4080129Z Cache restored successfully
2026-01-12T18:30:16.5757216Z cache.restoreCache() took 12913ms
2026-01-12T18:30:16.5757930Z Cache restored: freebsd-15.0-2.0.7-amd64-v1
2026-01-12T18:30:16.5758485Z Setting permissions for /home/runner...
2026-01-12T18:30:16.5760479Z ##[group]Starting VM with anyvm.org
2026-01-12T18:30:16.5774995Z [command]/usr/bin/python3 /home/runner/work/_actions/vmactions/freebsd-vm/v1/anyvm.py --os freebsd --release 15.0 --data-dir /home/runner/work/_actions/vmactions/freebsd-vm/v1/output --cache-dir /tmp/freebsd-15.0-2.0.7-amd64-v1 --builder 2.0.7 --mem 6144 --sync . -v /home/runner/work:/home/runner/work -d --ssh-name freebsd --snapshot --vnc off
2026-01-12T18:30:29.6116531Z [2026-01-12 18:30:18.453] Using release: 15.0
2026-01-12T18:30:29.6118184Z [2026-01-12 18:30:19.458] Started QEMU (PID: 2841)
2026-01-12T18:30:29.6118659Z [2026-01-12 18:30:29.610] ======================================
2026-01-12T18:30:29.6119179Z [2026-01-12 18:30:29.610] The VM is still running in background.
2026-01-12T18:30:29.6119728Z [2026-01-12 18:30:29.610] You can login the VM with:  ssh freebsd-15.0
2026-01-12T18:30:29.6120205Z [2026-01-12 18:30:29.610] Or just:  ssh 10022
2026-01-12T18:30:29.6120605Z [2026-01-12 18:30:29.610] Or just:  ssh freebsd
2026-01-12T18:30:29.6121069Z [2026-01-12 18:30:29.610] ======================================
2026-01-12T18:30:29.6274798Z ##[endgroup]
2026-01-12T18:30:29.6275442Z Skip cache save (cache was restored or directory missing)
2026-01-12T18:30:29.6279258Z Running onStarted hook: /home/runner/work/_actions/vmactions/freebsd-vm/v1/hooks/onStarted.sh
2026-01-12T18:30:29.6281396Z Exec SSH: #!/usr/bin/env sh
2026-01-12T18:30:29.6281695Z 
2026-01-12T18:30:29.6285474Z #run in the vm as soon as the vm is started, before run the "prepare"
2026-01-12T18:30:29.6286434Z 
2026-01-12T18:30:29.6287332Z service ntpd enable
2026-01-12T18:30:29.6287654Z 
2026-01-12T18:30:29.6287953Z service ntpd start
2026-01-12T18:30:29.6288157Z 
2026-01-12T18:30:29.6288272Z freebsd-version
2026-01-12T18:30:29.6288435Z 
2026-01-12T18:30:29.6288554Z date -u
2026-01-12T18:30:29.6288692Z 
2026-01-12T18:30:29.6288813Z if ! kldload  fusefs ; then
2026-01-12T18:30:29.6289270Z   #ok, kldload: can't load fusefs: module already loaded or in kernel 
2026-01-12T18:30:29.6290075Z   echo ""
2026-01-12T18:30:29.6290314Z fi
2026-01-12T18:30:29.6290438Z 
2026-01-12T18:30:29.6290558Z #switch to latest source
2026-01-12T18:30:29.6290922Z #just for the old images, before 13.5, 14.3 and 15.0.
2026-01-12T18:30:29.6291382Z if grep "quarterly" /etc/pkg/FreeBSD.conf; then
2026-01-12T18:30:29.6292085Z   sed -i '' 's#/quarterly#/latest#g' /etc/pkg/FreeBSD.conf
2026-01-12T18:30:29.6292730Z   rm -rf /var/db/pkg/repos/*
2026-01-12T18:30:29.6293061Z   cat /etc/pkg/FreeBSD.conf
2026-01-12T18:30:29.6293356Z fi
2026-01-12T18:30:29.6293481Z 
2026-01-12T18:30:29.6293487Z 
2026-01-12T18:30:29.6293491Z 
2026-01-12T18:30:29.6293496Z 
2026-01-12T18:30:29.6293500Z 
2026-01-12T18:30:29.6293505Z 
2026-01-12T18:30:29.6293508Z 
2026-01-12T18:30:29.6293512Z 
2026-01-12T18:30:29.6293524Z 
2026-01-12T18:30:29.6293528Z 
2026-01-12T18:30:29.6293533Z 
2026-01-12T18:30:29.9177359Z Exec SSH: ln -s /home/runner/work $HOME/work
2026-01-12T18:30:29.9190344Z [command]/usr/bin/ssh -o StrictHostKeyChecking=no -o UserKnownHostsFile=/dev/null freebsd sh
2026-01-12T18:30:30.0040683Z Warning: Permanently added '[127.0.0.1]:10022' (ED25519) to the list of known hosts.
2026-01-12T18:30:30.0988221Z ##[group]Run 'prepare' in VM
2026-01-12T18:30:30.0988745Z Exec SSH: cd "$GITHUB_WORKSPACE"
2026-01-12T18:30:30.0989218Z echo "===== Show Suspicious Basedate ====="
2026-01-12T18:30:30.0989816Z ntpd -gq -s pool.ntp.org || true
2026-01-12T18:30:30.0990330Z echo "Current date: $(date)"
2026-01-12T18:30:30.0990825Z pkg install -y python314 rust uv
2026-01-12T18:30:30.1000120Z [command]/usr/bin/ssh -o StrictHostKeyChecking=no -o UserKnownHostsFile=/dev/null freebsd sh
2026-01-12T18:30:30.1809467Z Warning: Permanently added '[127.0.0.1]:10022' (ED25519) to the list of known hosts.
2026-01-12T18:30:30.2763198Z ===== Show Suspicious Basedate =====
2026-01-12T18:30:30.2789519Z 12 Jan 18:30:30 ntpd[1544]: ntpd 4.2.8p18-a (1): Starting
2026-01-12T18:30:30.2790237Z 12 Jan 18:30:30 ntpd[1544]: Command line: ntpd -gq -s pool.ntp.org
2026-01-12T18:30:30.2790969Z 12 Jan 18:30:30 ntpd[1544]: ----------------------------------------------------
2026-01-12T18:30:30.2791694Z 12 Jan 18:30:30 ntpd[1544]: ntp-4 is maintained by Network Time Foundation,
2026-01-12T18:30:30.2792700Z 12 Jan 18:30:30 ntpd[1544]: Inc. (NTF), a non-profit 501(c)(3) public-benefit
2026-01-12T18:30:30.2793482Z 12 Jan 18:30:30 ntpd[1544]: corporation.  Support and training for ntp-4 are
2026-01-12T18:30:30.2794260Z 12 Jan 18:30:30 ntpd[1544]: available at https://www.nwtime.org/support
2026-01-12T18:30:30.2795017Z 12 Jan 18:30:30 ntpd[1544]: ----------------------------------------------------
2026-01-12T18:30:30.2795763Z 12 Jan 18:30:30 ntpd[1544]: proto: precision = 0.089 usec (-23)
2026-01-12T18:30:30.2801362Z 12 Jan 18:30:30 ntpd[1544]: basedate set to 2018-08-07
2026-01-12T18:30:30.2802585Z 12 Jan 18:30:30 ntpd[1544]: gps base set to 2018-08-12 (week 2014)
2026-01-12T18:30:30.2808078Z 12 Jan 18:30:30 ntpd[1544]: leapsecond file ('/var/db/ntpd.leap-seconds.list'): good hash signature
2026-01-12T18:30:30.2815908Z 12 Jan 18:30:30 ntpd[1544]: leapsecond file ('/var/db/ntpd.leap-seconds.list'): loaded, expire=2026-06-28T00:00:00Z last=2017-01-01T00:00:00Z ofs=37
2026-01-12T18:30:30.2817665Z 12 Jan 18:30:30 ntpd[1544]: unable to bind to wildcard address :: - another process may be running - EXITING
2026-01-12T18:30:30.2825734Z Current date: Mon Jan 12 18:30:30 UTC 2026
2026-01-12T18:30:30.3021756Z Updating FreeBSD-ports repository catalogue...
2026-01-12T18:30:31.1910780Z Fetching meta.conf: . done
2026-01-12T18:30:31.6665445Z Fetching data: .......... done
2026-01-12T18:30:35.1523481Z Processing entries: .......... done
2026-01-12T18:30:35.1569361Z FreeBSD-ports repository update completed. 36658 packages processed.
2026-01-12T18:30:35.4658552Z Updating FreeBSD-ports-kmods repository catalogue...
2026-01-12T18:30:35.5101746Z Fetching meta.conf: . done
2026-01-12T18:30:35.6231948Z Fetching data: .. done
2026-01-12T18:30:35.6869173Z Processing entries: .......... done
2026-01-12T18:30:35.6870240Z FreeBSD-ports-kmods repository update completed. 204 packages processed.
2026-01-12T18:30:35.6939699Z Updating FreeBSD-base repository catalogue...
2026-01-12T18:30:36.0117263Z Fetching meta.conf: . done
2026-01-12T18:30:36.0658827Z Fetching data: ..... done
2026-01-12T18:30:36.1462166Z Processing entries: .......... done
2026-01-12T18:30:36.1463280Z FreeBSD-base repository update completed. 496 packages processed.
2026-01-12T18:30:36.1557679Z All repositories are up to date.
2026-01-12T18:30:36.5676718Z The following 12 package(s) will be affected (of 0 checked):
2026-01-12T18:30:36.5677420Z 
2026-01-12T18:30:36.5677581Z New packages to be INSTALLED:
2026-01-12T18:30:36.5677988Z 	brotli: 1.2.0,1 [FreeBSD-ports]
2026-01-12T18:30:36.5678356Z 	curl: 8.17.0 [FreeBSD-ports]
2026-01-12T18:30:36.5678598Z 	libgit2: 1.9.2 [FreeBSD-ports]
2026-01-12T18:30:36.5678834Z 	libidn2: 2.3.8 [FreeBSD-ports]
2026-01-12T18:30:36.5679081Z 	libnghttp2: 1.68.0 [FreeBSD-ports]
2026-01-12T18:30:36.5679356Z 	libpsl: 0.21.5_2 [FreeBSD-ports]
2026-01-12T18:30:36.5679635Z 	libssh2: 1.11.1,3 [FreeBSD-ports]
2026-01-12T18:30:36.5679888Z 	libunistring: 1.4.1 [FreeBSD-ports]
2026-01-12T18:30:36.5680138Z 	llhttp: 9.3.0 [FreeBSD-ports]
2026-01-12T18:30:36.5680364Z 	python314: 3.14.2 [FreeBSD-ports]
2026-01-12T18:30:36.5680591Z 	rust: 1.92.0 [FreeBSD-ports]
2026-01-12T18:30:36.5680823Z 	uv: 0.9.21 [FreeBSD-ports]
2026-01-12T18:30:36.5680964Z 
2026-01-12T18:30:36.5681059Z Number of packages to be installed: 12
2026-01-12T18:30:36.5681230Z 
2026-01-12T18:30:36.5681336Z The process will require 1 GiB more space.
2026-01-12T18:30:36.5681596Z 235 MiB to be downloaded.
2026-01-12T18:30:36.6368692Z [ 1/12] Fetching libidn2-2.3.8: ..... done
2026-01-12T18:30:36.7008223Z [ 2/12] Fetching libnghttp2-1.68.0: ... done
2026-01-12T18:30:38.0413856Z [ 3/12] Fetching rust-1.92.0: .......... done
2026-01-12T18:30:40.4862895Z [ 4/12] Fetching brotli-1.2.0,1: ........ done
2026-01-12T18:30:40.5606290Z [ 5/12] Fetching libgit2-1.9.2: ....... done
2026-01-12T18:30:40.6041200Z [ 6/12] Fetching llhttp-9.3.0: . done
2026-01-12T18:30:40.7379227Z [ 7/12] Fetching libunistring-1.4.1: ......... done
2026-01-12T18:30:40.9825129Z [ 8/12] Fetching uv-0.9.21: .......... done
2026-01-12T18:30:41.3615608Z [ 9/12] Fetching python314-3.14.2: .......... done
2026-01-12T18:30:41.9858862Z [10/12] Fetching libssh2-1.11.1,3: ....... done
2026-01-12T18:30:42.0165180Z [11/12] Fetching libpsl-0.21.5_2: .. done
2026-01-12T18:30:42.2341060Z [12/12] Fetching curl-8.17.0: .......... done
2026-01-12T18:30:43.7084445Z Checking integrity... done (0 conflicting)
2026-01-12T18:30:43.7109383Z [ 1/12] Installing brotli-1.2.0,1...
2026-01-12T18:30:43.7186674Z [ 1/12] Extracting brotli-1.2.0,1: .......... done
2026-01-12T18:30:43.8131153Z [ 2/12] Installing libnghttp2-1.68.0...
2026-01-12T18:30:43.8160750Z [ 2/12] Extracting libnghttp2-1.68.0: .......... done
2026-01-12T18:30:43.8848050Z [ 3/12] Installing libssh2-1.11.1,3...
2026-01-12T18:30:43.8972069Z [ 3/12] Extracting libssh2-1.11.1,3: .......... done
2026-01-12T18:30:43.9536863Z [ 4/12] Installing libunistring-1.4.1...
2026-01-12T18:30:43.9644218Z [ 4/12] Extracting libunistring-1.4.1: .......... done
2026-01-12T18:30:44.0325779Z [ 5/12] Installing libidn2-2.3.8...
2026-01-12T18:30:44.0379767Z [ 5/12] Extracting libidn2-2.3.8: .......... done
2026-01-12T18:30:44.1296359Z [ 6/12] Installing libpsl-0.21.5_2...
2026-01-12T18:30:44.1323209Z [ 6/12] Extracting libpsl-0.21.5_2: .......... done
2026-01-12T18:30:44.2117870Z [ 7/12] Installing curl-8.17.0...
2026-01-12T18:30:44.2544238Z [ 7/12] Extracting curl-8.17.0: .......... done
2026-01-12T18:30:44.3354969Z [ 8/12] Installing llhttp-9.3.0...
2026-01-12T18:30:44.3374601Z [ 8/12] Extracting llhttp-9.3.0: .......... done
2026-01-12T18:30:44.3415909Z [ 9/12] Installing libgit2-1.9.2...
2026-01-12T18:30:44.3536915Z [ 9/12] Extracting libgit2-1.9.2: .......... done
2026-01-12T18:30:44.4741378Z [10/12] Installing python314-3.14.2...
2026-01-12T18:30:45.2538080Z [10/12] Extracting python314-3.14.2: .......... done
2026-01-12T18:30:45.7263188Z [11/12] Installing rust-1.92.0...
2026-01-12T18:30:50.2810349Z [11/12] Extracting rust-1.92.0: .......... done
2026-01-12T18:30:50.3178685Z [12/12] Installing uv-0.9.21...
2026-01-12T18:30:50.4497203Z [12/12] Extracting uv-0.9.21: ........ done
2026-01-12T18:30:50.5463273Z =====
2026-01-12T18:30:50.5463766Z Message from python314-3.14.2:
2026-01-12T18:30:50.5464149Z 
2026-01-12T18:30:50.5464237Z --
2026-01-12T18:30:50.5464679Z Note that some standard Python modules are provided as separate ports
2026-01-12T18:30:50.5465464Z as they require additional dependencies. They are available as:
2026-01-12T18:30:50.5465891Z 
2026-01-12T18:30:50.5466064Z py314-gdbm       databases/py-gdbm@py314
2026-01-12T18:30:50.5466555Z py314-sqlite3    databases/py-sqlite3@py314
2026-01-12T18:30:50.5467058Z py314-tkinter    x11-toolkits/py-tkinter@py314
2026-01-12T18:30:50.5925957Z ##[endgroup]
2026-01-12T18:30:50.5926842Z ##[group]Run 'run' in VM
2026-01-12T18:30:50.5927254Z Exec SSH: cd "$GITHUB_WORKSPACE"
2026-01-12T18:30:50.5927710Z echo "===== Find offending files ====="
2026-01-12T18:30:50.5928126Z echo "st_mtime"
2026-01-12T18:30:50.5928775Z find "$GITHUB_WORKSPACE" -type fl -exec stat -f "%Sm %N" -t "%Y-%m-%d %H:%M:%S" {} +  | sort -n | head -n 5
2026-01-12T18:30:50.5929507Z echo "st_atime"
2026-01-12T18:30:50.5930135Z find "$GITHUB_WORKSPACE" -type fl -exec stat -f "%Sa %N" -t "%Y-%m-%d %H:%M:%S" {} +  | sort -n | head -n 5
2026-01-12T18:30:50.5930672Z echo "st_ctime"
2026-01-12T18:30:50.5931054Z find "$GITHUB_WORKSPACE" -type fl -exec stat -f "%Sc %N" -t "%Y-%m-%d %H:%M:%S" {} +  | sort -n | head -n 5
2026-01-12T18:30:50.5931680Z echo "st_birthtime"
2026-01-12T18:30:50.5932172Z find "$GITHUB_WORKSPACE" -type fl -exec stat -f "%SB %N" -t "%Y-%m-%d %H:%M:%S" {} +  | sort -n | head -n 5
2026-01-12T18:30:50.5932843Z echo "===== Find offending directories ====="
2026-01-12T18:30:50.5933211Z echo "st_mtime"
2026-01-12T18:30:50.5933644Z find "$GITHUB_WORKSPACE" -type d -exec stat -f "%Sm %N" -t "%Y-%m-%d %H:%M:%S" {} +  | sort -n | head -n 5
2026-01-12T18:30:50.5934233Z echo "st_atime"
2026-01-12T18:30:50.5934718Z find "$GITHUB_WORKSPACE" -type d -exec stat -f "%Sa %N" -t "%Y-%m-%d %H:%M:%S" {} +  | sort -n | head -n 5
2026-01-12T18:30:50.5935226Z echo "st_ctime"
2026-01-12T18:30:50.5935669Z find "$GITHUB_WORKSPACE" -type d -exec stat -f "%Sc %N" -t "%Y-%m-%d %H:%M:%S" {} +  | sort -n | head -n 5
2026-01-12T18:30:50.5936236Z echo "st_birthtime"
2026-01-12T18:30:50.5959686Z find "$GITHUB_WORKSPACE" -type d -exec stat -f "%SB %N" -t "%Y-%m-%d %H:%M:%S" {} +  | sort -n | head -n 5
2026-01-12T18:30:50.5960505Z echo "===== Install the project ====="
2026-01-12T18:30:50.5961046Z uv sync --no-managed-python --locked --verbose --python 3.14
2026-01-12T18:30:50.5961863Z [command]/usr/bin/ssh -o StrictHostKeyChecking=no -o UserKnownHostsFile=/dev/null freebsd sh
2026-01-12T18:30:50.8090240Z Warning: Permanently added '[127.0.0.1]:10022' (ED25519) to the list of known hosts.
2026-01-12T18:30:50.9008694Z ===== Find offending files =====
2026-01-12T18:30:50.9009523Z st_mtime
2026-01-12T18:30:50.9710286Z 2026-01-12 18:29:34 /home/runner/work/test-freebsd-vm/test-freebsd-vm/.git/FETCH_HEAD
2026-01-12T18:30:50.9713201Z 2026-01-12 18:29:34 /home/runner/work/test-freebsd-vm/test-freebsd-vm/.git/HEAD
2026-01-12T18:30:50.9714379Z 2026-01-12 18:29:34 /home/runner/work/test-freebsd-vm/test-freebsd-vm/.git/config
2026-01-12T18:30:50.9718062Z 2026-01-12 18:29:34 /home/runner/work/test-freebsd-vm/test-freebsd-vm/.git/config.worktree
2026-01-12T18:30:50.9718953Z 2026-01-12 18:29:34 /home/runner/work/test-freebsd-vm/test-freebsd-vm/.git/description
2026-01-12T18:30:50.9719339Z st_atime
2026-01-12T18:30:50.9820373Z 2026-01-12 18:29:34 /home/runner/work/test-freebsd-vm/test-freebsd-vm/.git/FETCH_HEAD
2026-01-12T18:30:50.9823359Z 2026-01-12 18:29:34 /home/runner/work/test-freebsd-vm/test-freebsd-vm/.git/HEAD
2026-01-12T18:30:50.9824906Z 2026-01-12 18:29:34 /home/runner/work/test-freebsd-vm/test-freebsd-vm/.git/config
2026-01-12T18:30:50.9828156Z 2026-01-12 18:29:34 /home/runner/work/test-freebsd-vm/test-freebsd-vm/.git/config.worktree
2026-01-12T18:30:50.9829462Z 2026-01-12 18:29:34 /home/runner/work/test-freebsd-vm/test-freebsd-vm/.git/description
2026-01-12T18:30:50.9830253Z st_ctime
2026-01-12T18:30:50.9893788Z 2026-01-12 18:29:34 /home/runner/work/test-freebsd-vm/test-freebsd-vm/.git/FETCH_HEAD
2026-01-12T18:30:50.9895639Z 2026-01-12 18:29:34 /home/runner/work/test-freebsd-vm/test-freebsd-vm/.git/HEAD
2026-01-12T18:30:50.9899259Z 2026-01-12 18:29:34 /home/runner/work/test-freebsd-vm/test-freebsd-vm/.git/config
2026-01-12T18:30:50.9900135Z 2026-01-12 18:29:34 /home/runner/work/test-freebsd-vm/test-freebsd-vm/.git/config.worktree
2026-01-12T18:30:50.9901002Z 2026-01-12 18:29:34 /home/runner/work/test-freebsd-vm/test-freebsd-vm/.git/description
2026-01-12T18:30:50.9901632Z st_birthtime
2026-01-12T18:30:50.9933707Z 1969-12-31 23:59:59 /home/runner/work/test-freebsd-vm/test-freebsd-vm/.git/FETCH_HEAD
2026-01-12T18:30:50.9934863Z 1969-12-31 23:59:59 /home/runner/work/test-freebsd-vm/test-freebsd-vm/.git/HEAD
2026-01-12T18:30:50.9937713Z 1969-12-31 23:59:59 /home/runner/work/test-freebsd-vm/test-freebsd-vm/.git/config
2026-01-12T18:30:50.9938831Z 1969-12-31 23:59:59 /home/runner/work/test-freebsd-vm/test-freebsd-vm/.git/config.worktree
2026-01-12T18:30:50.9939744Z 1969-12-31 23:59:59 /home/runner/work/test-freebsd-vm/test-freebsd-vm/.git/description
2026-01-12T18:30:50.9940439Z ===== Find offending directories =====
2026-01-12T18:30:50.9941187Z st_mtime
2026-01-12T18:30:50.9994103Z 2026-01-12 18:29:34 /home/runner/work/test-freebsd-vm/test-freebsd-vm
2026-01-12T18:30:50.9995385Z 2026-01-12 18:29:34 /home/runner/work/test-freebsd-vm/test-freebsd-vm/.git
2026-01-12T18:30:50.9997490Z 2026-01-12 18:29:34 /home/runner/work/test-freebsd-vm/test-freebsd-vm/.git/hooks
2026-01-12T18:30:51.0000898Z 2026-01-12 18:29:34 /home/runner/work/test-freebsd-vm/test-freebsd-vm/.git/info
2026-01-12T18:30:51.0001671Z 2026-01-12 18:29:34 /home/runner/work/test-freebsd-vm/test-freebsd-vm/.git/logs
2026-01-12T18:30:51.0002276Z st_atime
2026-01-12T18:30:51.0063155Z 2026-01-12 18:29:34 /home/runner/work/test-freebsd-vm/test-freebsd-vm
2026-01-12T18:30:51.0064533Z 2026-01-12 18:29:34 /home/runner/work/test-freebsd-vm/test-freebsd-vm/.git
2026-01-12T18:30:51.0067820Z 2026-01-12 18:29:34 /home/runner/work/test-freebsd-vm/test-freebsd-vm/.git/hooks
2026-01-12T18:30:51.0068599Z 2026-01-12 18:29:34 /home/runner/work/test-freebsd-vm/test-freebsd-vm/.git/info
2026-01-12T18:30:51.0069318Z 2026-01-12 18:29:34 /home/runner/work/test-freebsd-vm/test-freebsd-vm/.git/logs
2026-01-12T18:30:51.0070438Z st_ctime
2026-01-12T18:30:51.0163049Z 2026-01-12 18:29:34 /home/runner/work/test-freebsd-vm/test-freebsd-vm
2026-01-12T18:30:51.0163988Z 2026-01-12 18:29:34 /home/runner/work/test-freebsd-vm/test-freebsd-vm/.git
2026-01-12T18:30:51.0164904Z 2026-01-12 18:29:34 /home/runner/work/test-freebsd-vm/test-freebsd-vm/.git/hooks
2026-01-12T18:30:51.0165749Z 2026-01-12 18:29:34 /home/runner/work/test-freebsd-vm/test-freebsd-vm/.git/info
2026-01-12T18:30:51.0166583Z 2026-01-12 18:29:34 /home/runner/work/test-freebsd-vm/test-freebsd-vm/.git/logs
2026-01-12T18:30:51.0167204Z st_birthtime
2026-01-12T18:30:51.0230225Z 1969-12-31 23:59:59 /home/runner/work/test-freebsd-vm/test-freebsd-vm
2026-01-12T18:30:51.0231879Z 1969-12-31 23:59:59 /home/runner/work/test-freebsd-vm/test-freebsd-vm/.git
2026-01-12T18:30:51.0232916Z 1969-12-31 23:59:59 /home/runner/work/test-freebsd-vm/test-freebsd-vm/.git/hooks
2026-01-12T18:30:51.0233434Z 1969-12-31 23:59:59 /home/runner/work/test-freebsd-vm/test-freebsd-vm/.git/info
2026-01-12T18:30:51.0234261Z 1969-12-31 23:59:59 /home/runner/work/test-freebsd-vm/test-freebsd-vm/.git/logs
2026-01-12T18:30:51.0234838Z ===== Install the project =====
2026-01-12T18:30:51.0422268Z DEBUG uv 0.9.21
2026-01-12T18:30:51.0427590Z DEBUG Acquired shared lock for `/root/.cache/uv`
2026-01-12T18:30:51.0428622Z DEBUG Found project root: `/home/runner/work/test-freebsd-vm/test-freebsd-vm`
2026-01-12T18:30:51.0463133Z DEBUG No workspace root found, using project root
2026-01-12T18:30:51.0469086Z DEBUG Acquired exclusive lock for `/home/runner/work/test-freebsd-vm/test-freebsd-vm`
2026-01-12T18:30:51.0469973Z DEBUG Using Python request `3.14` from explicit request
2026-01-12T18:30:51.0470637Z DEBUG Checking for Python environment at: `.venv`
2026-01-12T18:30:51.0478682Z DEBUG Using request timeout of 30s
2026-01-12T18:30:51.0762652Z DEBUG Searching for Python 3.14 in search path
2026-01-12T18:30:51.1164845Z DEBUG Found `cpython-3.14.2-freebsd-x86_64-none` at `/usr/local/bin/python3.14` (first executable in the search path)
2026-01-12T18:30:51.1166063Z Using CPython 3.14.2 interpreter at: /usr/local/bin/python3.14
2026-01-12T18:30:51.1179127Z Creating virtual environment at: .venv
2026-01-12T18:30:51.1179773Z DEBUG Using base executable for virtual environment: /usr/local/bin/python3.14
2026-01-12T18:30:51.1707804Z DEBUG Released lock at `/tmp/uv-e0705138194b57a0.lock`
2026-01-12T18:30:51.1824119Z WARN Failed to acquire environment lock: Could not persist temporary file `.venv/.tmpVblTRf`
2026-01-12T18:30:51.1858423Z DEBUG Using request timeout of 30s
2026-01-12T18:30:51.1891859Z DEBUG Found static `pyproject.toml` for: birthime @ file:///home/runner/work/test-freebsd-vm/test-freebsd-vm
2026-01-12T18:30:51.1929849Z DEBUG No workspace root found, using project root
2026-01-12T18:30:51.1930805Z DEBUG Existing `uv.lock` satisfies workspace requirements
2026-01-12T18:30:51.1931415Z Resolved 1 package in 7ms
2026-01-12T18:30:51.1931864Z DEBUG Using request timeout of 30s
2026-01-12T18:30:51.1972868Z DEBUG Identified uncached distribution: birthime @ file:///home/runner/work/test-freebsd-vm/test-freebsd-vm
2026-01-12T18:30:51.1977972Z DEBUG Acquired exclusive lock for `/root/.cache/uv/sdists-v9/editable/abccf2d76c5e8779`
2026-01-12T18:30:51.2017671Z DEBUG Computed cache info: Timestamp(SystemTime { tv_sec: 1768242651, tv_nsec: 0 }), None, None, {}, {"src": Some(Timestamp(Timestamp(SystemTime { tv_sec: -1, tv_nsec: 0 })))}. Most recently modified: pyproject.toml
2026-01-12T18:30:51.2021664Z DEBUG Released lock at `/root/.cache/uv/sdists-v9/editable/abccf2d76c5e8779/.lock`
2026-01-12T18:30:51.2025595Z   × Failed to build `birthime @
2026-01-12T18:30:51.2026409Z   │ file:///home/runner/work/test-freebsd-vm/test-freebsd-vm`
2026-01-12T18:30:51.2027389Z   ├─▶ Failed to serialize cache entry
2026-01-12T18:30:51.2028058Z   ╰─▶ SystemTime must be later than UNIX_EPOCH
2026-01-12T18:30:51.2028672Z DEBUG Released lock at `/root/.cache/uv/.lock`
2026-01-12T18:30:51.2088038Z ##[error]The process '/usr/bin/ssh' failed with exit code 1
